../Core/Src/main.c:93:5:main	32	static
../Core/Src/main.c:195:6:SystemClock_Config	104	static
../Core/Src/main.c:246:13:MX_ADC1_Init	48	static
../Core/Src/main.c:321:13:MX_DAC1_Init	48	static
../Core/Src/main.c:365:13:MX_I2C1_Init	8	static
../Core/Src/main.c:413:13:MX_ICACHE_Init	8	static
../Core/Src/main.c:445:13:MX_OPAMP1_Init	8	static
../Core/Src/main.c:476:13:MX_TIM1_Init	40	static
../Core/Src/main.c:523:13:MX_TIM2_Init	40	static
../Core/Src/main.c:566:13:MX_DMA_Init	16	static
../Core/Src/main.c:585:13:MX_GPIO_Init	24	static
../Core/Src/main.c:610:6:HAL_TIM_PeriodElapsedCallback	16	static
../Core/Src/main.c:620:6:HAL_ADC_ConvCpltCallback	40	static
../Core/Src/main.c:659:6:actualizaPantalla	8	static
../Core/Src/main.c:669:6:Error_Handler	4	static,ignoring_inline_asm
