Archive member included to satisfy reference by file (symbol)

C:/Program Files/STMicroelectronics/STM32Cube/STM32CubeIDE_1.18.1/STM32CubeIDE/plugins/com.st.stm32cube.ide.mcu.externaltools.gnu-tools-for-stm32.13.3.rel1.win32_1.0.0.202411081344/tools/bin/../lib/gcc/arm-none-eabi/13.3.1/../../../../arm-none-eabi/lib/thumb/v8-m.main+fp/hard\libc_nano.a(libc_a-exit.o)
                              C:/Program Files/STMicroelectronics/STM32Cube/STM32CubeIDE_1.18.1/STM32CubeIDE/plugins/com.st.stm32cube.ide.mcu.externaltools.gnu-tools-for-stm32.13.3.rel1.win32_1.0.0.202411081344/tools/bin/../lib/gcc/arm-none-eabi/13.3.1/../../../../arm-none-eabi/lib/thumb/v8-m.main+fp/hard/crt0.o (exit)
C:/Program Files/STMicroelectronics/STM32Cube/STM32CubeIDE_1.18.1/STM32CubeIDE/plugins/com.st.stm32cube.ide.mcu.externaltools.gnu-tools-for-stm32.13.3.rel1.win32_1.0.0.202411081344/tools/bin/../lib/gcc/arm-none-eabi/13.3.1/../../../../arm-none-eabi/lib/thumb/v8-m.main+fp/hard\libc_nano.a(libc_a-findfp.o)
                              C:/Program Files/STMicroelectronics/STM32Cube/STM32CubeIDE_1.18.1/STM32CubeIDE/plugins/com.st.stm32cube.ide.mcu.externaltools.gnu-tools-for-stm32.13.3.rel1.win32_1.0.0.202411081344/tools/bin/../lib/gcc/arm-none-eabi/13.3.1/../../../../arm-none-eabi/lib/thumb/v8-m.main+fp/hard\libc_nano.a(libc_a-exit.o) (__stdio_exit_handler)
C:/Program Files/STMicroelectronics/STM32Cube/STM32CubeIDE_1.18.1/STM32CubeIDE/plugins/com.st.stm32cube.ide.mcu.externaltools.gnu-tools-for-stm32.13.3.rel1.win32_1.0.0.202411081344/tools/bin/../lib/gcc/arm-none-eabi/13.3.1/../../../../arm-none-eabi/lib/thumb/v8-m.main+fp/hard\libc_nano.a(libc_a-fwalk.o)
                              C:/Program Files/STMicroelectronics/STM32Cube/STM32CubeIDE_1.18.1/STM32CubeIDE/plugins/com.st.stm32cube.ide.mcu.externaltools.gnu-tools-for-stm32.13.3.rel1.win32_1.0.0.202411081344/tools/bin/../lib/gcc/arm-none-eabi/13.3.1/../../../../arm-none-eabi/lib/thumb/v8-m.main+fp/hard\libc_nano.a(libc_a-findfp.o) (_fwalk_sglue)
C:/Program Files/STMicroelectronics/STM32Cube/STM32CubeIDE_1.18.1/STM32CubeIDE/plugins/com.st.stm32cube.ide.mcu.externaltools.gnu-tools-for-stm32.13.3.rel1.win32_1.0.0.202411081344/tools/bin/../lib/gcc/arm-none-eabi/13.3.1/../../../../arm-none-eabi/lib/thumb/v8-m.main+fp/hard\libc_nano.a(libc_a-sprintf.o)
                              ./Core/Src/main.o (sprintf)
C:/Program Files/STMicroelectronics/STM32Cube/STM32CubeIDE_1.18.1/STM32CubeIDE/plugins/com.st.stm32cube.ide.mcu.externaltools.gnu-tools-for-stm32.13.3.rel1.win32_1.0.0.202411081344/tools/bin/../lib/gcc/arm-none-eabi/13.3.1/../../../../arm-none-eabi/lib/thumb/v8-m.main+fp/hard\libc_nano.a(libc_a-stdio.o)
                              C:/Program Files/STMicroelectronics/STM32Cube/STM32CubeIDE_1.18.1/STM32CubeIDE/plugins/com.st.stm32cube.ide.mcu.externaltools.gnu-tools-for-stm32.13.3.rel1.win32_1.0.0.202411081344/tools/bin/../lib/gcc/arm-none-eabi/13.3.1/../../../../arm-none-eabi/lib/thumb/v8-m.main+fp/hard\libc_nano.a(libc_a-findfp.o) (__sread)
C:/Program Files/STMicroelectronics/STM32Cube/STM32CubeIDE_1.18.1/STM32CubeIDE/plugins/com.st.stm32cube.ide.mcu.externaltools.gnu-tools-for-stm32.13.3.rel1.win32_1.0.0.202411081344/tools/bin/../lib/gcc/arm-none-eabi/13.3.1/../../../../arm-none-eabi/lib/thumb/v8-m.main+fp/hard\libc_nano.a(libc_a-memset.o)
                              C:/Program Files/STMicroelectronics/STM32Cube/STM32CubeIDE_1.18.1/STM32CubeIDE/plugins/com.st.stm32cube.ide.mcu.externaltools.gnu-tools-for-stm32.13.3.rel1.win32_1.0.0.202411081344/tools/bin/../lib/gcc/arm-none-eabi/13.3.1/../../../../arm-none-eabi/lib/thumb/v8-m.main+fp/hard/crt0.o (memset)
C:/Program Files/STMicroelectronics/STM32Cube/STM32CubeIDE_1.18.1/STM32CubeIDE/plugins/com.st.stm32cube.ide.mcu.externaltools.gnu-tools-for-stm32.13.3.rel1.win32_1.0.0.202411081344/tools/bin/../lib/gcc/arm-none-eabi/13.3.1/../../../../arm-none-eabi/lib/thumb/v8-m.main+fp/hard\libc_nano.a(libc_a-closer.o)
                              C:/Program Files/STMicroelectronics/STM32Cube/STM32CubeIDE_1.18.1/STM32CubeIDE/plugins/com.st.stm32cube.ide.mcu.externaltools.gnu-tools-for-stm32.13.3.rel1.win32_1.0.0.202411081344/tools/bin/../lib/gcc/arm-none-eabi/13.3.1/../../../../arm-none-eabi/lib/thumb/v8-m.main+fp/hard\libc_nano.a(libc_a-stdio.o) (_close_r)
C:/Program Files/STMicroelectronics/STM32Cube/STM32CubeIDE_1.18.1/STM32CubeIDE/plugins/com.st.stm32cube.ide.mcu.externaltools.gnu-tools-for-stm32.13.3.rel1.win32_1.0.0.202411081344/tools/bin/../lib/gcc/arm-none-eabi/13.3.1/../../../../arm-none-eabi/lib/thumb/v8-m.main+fp/hard\libc_nano.a(libc_a-reent.o)
                              C:/Program Files/STMicroelectronics/STM32Cube/STM32CubeIDE_1.18.1/STM32CubeIDE/plugins/com.st.stm32cube.ide.mcu.externaltools.gnu-tools-for-stm32.13.3.rel1.win32_1.0.0.202411081344/tools/bin/../lib/gcc/arm-none-eabi/13.3.1/../../../../arm-none-eabi/lib/thumb/v8-m.main+fp/hard\libc_nano.a(libc_a-closer.o) (errno)
[...]
Memory Configuration

Name             Origin             Length             Attributes
RAM              0x20000000         0x00030000         xrw
RAM2             0x20030000         0x00010000         xrw
FLASH            0x08000000         0x00080000         xr
*default*        0x00000000         0xffffffff

Linker script and memory map

LOAD C:/Program Files/STMicroelectronics/STM32Cube/STM32CubeIDE_1.18.1/STM32CubeIDE/plugins/com.st.stm32cube.ide.mcu.externaltools.gnu-tools-for-stm32.13.3.rel1.win32_1.0.0.202411081344/tools/bin/../lib/gcc/arm-none-eabi/13.3.1/thumb/v8-m.main+fp/hard/crti.o
LOAD C:/Program Files/STMicroelectronics/STM32Cube/STM32CubeIDE_1.18.1/STM32CubeIDE/plugins/com.st.stm32cube.ide.mcu.externaltools.gnu-tools-for-stm32.13.3.rel1.win32_1.0.0.202411081344/tools/bin/../lib/gcc/arm-none-eabi/13.3.1/thumb/v8-m.main+fp/hard/crtbegin.o
LOAD C:/Program Files/STMicroelectronics/STM32Cube/STM32CubeIDE_1.18.1/STM32CubeIDE/plugins/com.st.stm32cube.ide.mcu.externaltools.gnu-tools-for-stm32.13.3.rel1.win32_1.0.0.202411081344/tools/bin/../lib/gcc/arm-none-eabi/13.3.1/../../../../arm-none-eabi/lib/thumb/v8-m.main+fp/hard/crt0.o
LOAD ./Core/Src/main.o
LOAD ./Core/Src/stm32l5xx_hal_msp.o
LOAD ./Core/Src/stm32l5xx_it.o
LOAD ./Core/Src/syscalls.o
LOAD ./Core/Src/sysmem.o
LOAD ./Core/Src/system_stm32l5xx.o
LOAD ./Core/Startup/startup_stm32l562qeixq.o
LOAD ./Drivers/STM32L5xx_HAL_Driver/Src/stm32l5xx_hal.o
LOAD ./Drivers/STM32L5xx_HAL_Driver/Src/stm32l5xx_hal_cortex.o
LOAD ./Drivers/STM32L5xx_HAL_Driver/Src/stm32l5xx_hal_dfsdm.o
LOAD ./Drivers/STM32L5xx_HAL_Driver/Src/stm32l5xx_hal_dfsdm_ex.o
LOAD ./Drivers/STM32L5xx_HAL_Driver/Src/stm32l5xx_hal_dma.o
LOAD ./Drivers/STM32L5xx_HAL_Driver/Src/stm32l5xx_hal_dma_ex.o
LOAD ./Drivers/STM32L5xx_HAL_Driver/Src/stm32l5xx_hal_exti.o
LOAD ./Drivers/STM32L5xx_HAL_Driver/Src/stm32l5xx_hal_flash.o
LOAD ./Drivers/STM32L5xx_HAL_Driver/Src/stm32l5xx_hal_flash_ex.o
LOAD ./Drivers/STM32L5xx_HAL_Driver/Src/stm32l5xx_hal_flash_ramfunc.o
LOAD ./Drivers/STM32L5xx_HAL_Driver/Src/stm32l5xx_hal_gpio.o
LOAD ./Drivers/STM32L5xx_HAL_Driver/Src/stm32l5xx_hal_i2c.o
LOAD ./Drivers/STM32L5xx_HAL_Driver/Src/stm32l5xx_hal_i2c_ex.o
LOAD ./Drivers/STM32L5xx_HAL_Driver/Src/stm32l5xx_hal_icache.o
LOAD ./Drivers/STM32L5xx_HAL_Driver/Src/stm32l5xx_hal_pwr.o
LOAD ./Drivers/STM32L5xx_HAL_Driver/Src/stm32l5xx_hal_pwr_ex.o
LOAD ./Drivers/STM32L5xx_HAL_Driver/Src/stm32l5xx_hal_rcc.o
LOAD ./Drivers/STM32L5xx_HAL_Driver/Src/stm32l5xx_hal_rcc_ex.o
LOAD ./Drivers/STM32L5xx_HAL_Driver/Src/stm32l5xx_hal_sai.o
LOAD ./Drivers/STM32L5xx_HAL_Driver/Src/stm32l5xx_hal_sai_ex.o
LOAD ./Drivers/STM32L5xx_HAL_Driver/Src/stm32l5xx_hal_spi.o
LOAD ./Drivers/STM32L5xx_HAL_Driver/Src/stm32l5xx_hal_spi_ex.o
LOAD ./Drivers/STM32L5xx_HAL_Driver/Src/stm32l5xx_hal_tim.o
LOAD ./Drivers/STM32L5xx_HAL_Driver/Src/stm32l5xx_hal_tim_ex.o
LOAD ./Drivers/STM32L5xx_HAL_Driver/Src/stm32l5xx_hal_uart.o
LOAD ./Drivers/STM32L5xx_HAL_Driver/Src/stm32l5xx_hal_uart_ex.o
START GROUP
LOAD C:/Program Files/STMicroelectronics/STM32Cube/STM32CubeIDE_1.18.1/STM32CubeIDE/plugins/com.st.stm32cube.ide.mcu.externaltools.gnu-tools-for-stm32.13.3.rel1.win32_1.0.0.202411081344/tools/bin/../lib/gcc/arm-none-eabi/13.3.1/../../../../arm-none-eabi/lib/thumb/v8-m.main+fp/hard\libc_nano.a
LOAD C:/Program Files/STMicroelectronics/STM32Cube/STM32CubeIDE_1.18.1/STM32CubeIDE/plugins/com.st.stm32cube.ide.mcu.externaltools.gnu-tools-for-stm32.13.3.rel1.win32_1.0.0.202411081344/tools/bin/../lib/gcc/arm-none-eabi/13.3.1/../../../../arm-none-eabi/lib/thumb/v8-m.main+fp/hard\libm.a
END GROUP
START GROUP
LOAD C:/Program Files/STMicroelectronics/STM32Cube/STM32CubeIDE_1.18.1/STM32CubeIDE/plugins/com.st.stm32cube.ide.mcu.externaltools.gnu-tools-for-stm32.13.3.rel1.win32_1.0.0.202411081344/tools/bin/../lib/gcc/arm-none-eabi/13.3.1/thumb/v8-m.main+fp/hard\libgcc.a
LOAD C:/Program Files/STMicroelectronics/STM32Cube/STM32CubeIDE_1.18.1/STM32CubeIDE/plugins/com.st.stm32cube.ide.mcu.externaltools.gnu-tools-for-stm32.13.3.rel1.win32_1.0.0.202411081344/tools/bin/../lib/gcc/arm-none-eabi/13.3.1/../../../../arm-none-eabi/lib/thumb/v8-m.main+fp/hard\libc_nano.a
END GROUP
START GROUP
LOAD C:/Program Files/STMicroelectronics/STM32Cube/STM32CubeIDE_1.18.1/STM32CubeIDE/plugins/com.st.stm32cube.ide.mcu.externaltools.gnu-tools-for-stm32.13.3.rel1.win32_1.0.0.202411081344/tools/bin/../lib/gcc/arm-none-eabi/13.3.1/thumb/v8-m.main+fp/hard\libgcc.a
LOAD C:/Program Files/STMicroelectronics/STM32Cube/STM32CubeIDE_1.18.1/STM32CubeIDE/plugins/com.st.stm32cube.ide.mcu.externaltools.gnu-tools-for-stm32.13.3.rel1.win32_1.0.0.202411081344/tools/bin/../lib/gcc/arm-none-eabi/13.3.1/../../../../arm-none-eabi/lib/thumb/v8-m.main+fp/hard\libc_nano.a
LOAD C:/Program Files/STMicroelectronics/STM32Cube/STM32CubeIDE_1.18.1/STM32CubeIDE/plugins/com.st.stm32cube.ide.mcu.externaltools.gnu-tools-for-stm32.13.3.rel1.win32_1.0.0.202411081344/tools/bin/../lib/gcc/arm-none-eabi/13.3.1/../../../../arm-none-eabi/lib/thumb/v8-m.main+fp/hard\libnosys.a
END GROUP
START GROUP
LOAD C:/Program Files/STMicroelectronics/STM32Cube/STM32CubeIDE_1.18.1/STM32CubeIDE/plugins/com.st.stm32cube.ide.mcu.externaltools.gnu-tools-for-stm32.13.3.rel1.win32_1.0.0.202411081344/tools/bin/../lib/gcc/arm-none-eabi/13.3.1/thumb/v8-m.main+fp/hard\libgcc.a
LOAD C:/Program Files/STMicroelectronics/STM32Cube/STM32CubeIDE_1.18.1/STM32CubeIDE/plugins/com.st.stm32cube.ide.mcu.externaltools.gnu-tools-for-stm32.13.3.rel1.win32_1.0.0.202411081344/tools/bin/../lib/gcc/arm-none-eabi/13.3.1/../../../../arm-none-eabi/lib/thumb/v8-m.main+fp/hard\libc_nano.a
LOAD C:/Program Files/STMicroelectronics/STM32Cube/STM32CubeIDE_1.18.1/STM32CubeIDE/plugins/com.st.stm32cube.ide.mcu.externaltools.gnu-tools-for-stm32.13.3.rel1.win32_1.0.0.202411081344/tools/bin/../lib/gcc/arm-none-eabi/13.3.1/../../../../arm-none-eabi/lib/thumb/v8-m.main+fp/hard\libnosys.a
END GROUP
LOAD C:/Program Files/STMicroelectronics/STM32Cube/STM32CubeIDE_1.18.1/STM32CubeIDE/plugins/com.st.stm32cube.ide.mcu.externaltools.gnu-tools-for-stm32.13.3.rel1.win32_1.0.0.202411081344/tools/bin/../lib/gcc/arm-none-eabi/13.3.1/thumb/v8-m.main+fp/hard/crtend.o
LOAD C:/Program Files/STMicroelectronics/STM32Cube/STM32CubeIDE_1.18.1/STM32CubeIDE/plugins/com.st.stm32cube.ide.mcu.externaltools.gnu-tools-for-stm32.13.3.rel1.win32_1.0.0.202411081344/tools/bin/../lib/gcc/arm-none-eabi/13.3.1/thumb/v8-m.main+fp/hard/crtn.o
                0x20030000                        _estack = (ORIGIN (RAM) + LENGTH (RAM))
                0x00000200                        _Min_Heap_Size = 0x200
                0x00000400                        _Min_Stack_Size = 0x400

.isr_vector     0x08000000      0x1f4
                0x08000000                        . = ALIGN (0x4)
 *(.isr_vector)
 .isr_vector    0x08000000      0x1f4 ./Core/Startup/startup_stm32l562qeixq.o
                0x08000000                g_pfnVectors
                0x080001f4                        . = ALIGN (0x4)

.text           0x080001f4     0x8654
                0x080001f4                        . = ALIGN (0x4)
 *(.text)
 .text          0x080001f4       0x40 C:/Program Files/STMicroelectronics/STM32Cube/STM32CubeIDE_1.18.1/STM32CubeIDE/plugins/com.st.stm32cube.ide.mcu.externaltools.gnu-tools-for-stm32.13.3.rel1.win32_1.0.0.202411081344/tools/bin/../lib/gcc/arm-none-eabi/13.3.1/thumb/v8-m.main+fp/hard/crtbegin.o
 .text          0x08000234       0x10 C:/Program Files/STMicroelectronics/STM32Cube/STM32CubeIDE_1.18.1/STM32CubeIDE/plugins/com.st.stm32cube.ide.mcu.externaltools.gnu-tools-for-stm32.13.3.rel1.win32_1.0.0.202411081344/tools/bin/../lib/gcc/arm-none-eabi/13.3.1/../../../../arm-none-eabi/lib/thumb/v8-m.main+fp/hard\libc_nano.a(libc_a-strlen.o)
                0x08000234                strlen
 .text          0x08000244       0x30 C:/Program Files/STMicroelectronics/STM32Cube/STM32CubeIDE_1.18.1/STM32CubeIDE/plugins/com.st.stm32cube.ide.mcu.externaltools.gnu-tools-for-stm32.13.3.rel1.win32_1.0.0.202411081344/tools/bin/../lib/gcc/arm-none-eabi/13.3.1/thumb/v8-m.main+fp/hard\libgcc.a(_aeabi_uldivmod.o)
                0x08000244                __aeabi_uldivmod
 .text          0x08000274      0x348 C:/Program Files/STMicroelectronics/STM32Cube/STM32CubeIDE_1.18.1/STM32CubeIDE/plugins/com.st.stm32cube.ide.mcu.externaltools.gnu-tools-for-stm32.13.3.rel1.win32_1.0.0.202411081344/tools/bin/../lib/gcc/arm-none-eabi/13.3.1/thumb/v8-m.main+fp/hard\libgcc.a(_udivmoddi4.o)
                0x08000274                __udivmoddi4
 .text          0x080005bc        0x4 C:/Program Files/STMicroelectronics/STM32Cube/STM32CubeIDE_1.18.1/STM32CubeIDE/plugins/com.st.stm32cube.ide.mcu.externaltools.gnu-tools-for-stm32.13.3.rel1.win32_1.0.0.202411081344/tools/bin/../lib/gcc/arm-none-eabi/13.3.1/thumb/v8-m.main+fp/hard\libgcc.a(_dvmd_tls.o)
                0x080005bc                __aeabi_idiv0
                0x080005bc                __aeabi_ldiv0
 *(.text*)
 .text.main     0x080005c0      0x114 ./Core/Src/main.o
                0x080005c0                main
 .text.SystemClock_Config
                0x080006d4       0xac ./Core/Src/main.o
                0x080006d4                SystemClock_Config
 .text.MX_DFSDM1_Init
                0x08000780       0xc8 ./Core/Src/main.o
 .text.MX_I2C1_Init
                0x08000848       0x80 ./Core/Src/main.o
 .text.MX_ICACHE_Init
                0x080008c8       0x26 ./Core/Src/main.o
 *fill*         0x080008ee        0x2 
 .text.MX_SAI1_Init
                0x080008f0       0xc0 ./Core/Src/main.o
 .text.MX_SPI1_Init
                0x080009b0       0x7c ./Core/Src/main.o
 .text.MX_TIM2_Init
                0x08000a2c       0x9c ./Core/Src/main.o
 .text.MX_USART1_UART_Init
                0x08000ac8       0x98 ./Core/Src/main.o
 .text.MX_GPIO_Init
                0x08000b60      0x44c ./Core/Src/main.o
 .text.HAL_TIM_PeriodElapsedCallback
                0x08000fac       0x5c ./Core/Src/main.o
                0x08000fac                HAL_TIM_PeriodElapsedCallback
 .text.HAL_GPIO_EXTI_Falling_Callback
                0x08001008       0x48 ./Core/Src/main.o
                0x08001008                HAL_GPIO_EXTI_Falling_Callback
 .text.Error_Handler
                0x08001050        0xc ./Core/Src/main.o
                0x08001050                Error_Handler
 .text.HAL_MspInit
                0x0800105c       0x48 ./Core/Src/stm32l5xx_hal_msp.o
                0x0800105c                HAL_MspInit
 .text.HAL_DFSDM_FilterMspInit
                0x080010a4      0x128 ./Core/Src/stm32l5xx_hal_msp.o
                0x080010a4                HAL_DFSDM_FilterMspInit
 .text.HAL_DFSDM_ChannelMspInit
                0x080011cc      0x128 ./Core/Src/stm32l5xx_hal_msp.o
                0x080011cc                HAL_DFSDM_ChannelMspInit
 .text.HAL_I2C_MspInit
                0x080012f4       0xbc ./Core/Src/stm32l5xx_hal_msp.o
                0x080012f4                HAL_I2C_MspInit
 .text.HAL_SPI_MspInit
                0x080013b0       0x9c ./Core/Src/stm32l5xx_hal_msp.o
                0x080013b0                HAL_SPI_MspInit
 .text.HAL_TIM_Base_MspInit
                0x0800144c       0x48 ./Core/Src/stm32l5xx_hal_msp.o
                0x0800144c                HAL_TIM_Base_MspInit
 .text.HAL_UART_MspInit
                0x08001494       0xcc ./Core/Src/stm32l5xx_hal_msp.o
                0x08001494                HAL_UART_MspInit
 .text.HAL_SAI_MspInit
                0x08001560      0x120 ./Core/Src/stm32l5xx_hal_msp.o
                0x08001560                HAL_SAI_MspInit
 .text.NMI_Handler
                0x08001680        0x8 ./Core/Src/stm32l5xx_it.o
                0x08001680                NMI_Handler
 .text.HardFault_Handler
                0x08001688        0x8 ./Core/Src/stm32l5xx_it.o
                0x08001688                HardFault_Handler
 .text.MemManage_Handler
                0x08001690        0x8 ./Core/Src/stm32l5xx_it.o
                0x08001690                MemManage_Handler
 .text.BusFault_Handler
                0x08001698        0x8 ./Core/Src/stm32l5xx_it.o
                0x08001698                BusFault_Handler
 .text.UsageFault_Handler
                0x080016a0        0x8 ./Core/Src/stm32l5xx_it.o
                0x080016a0                UsageFault_Handler
 .text.SVC_Handler
                0x080016a8        0xe ./Core/Src/stm32l5xx_it.o
                0x080016a8                SVC_Handler
 .text.DebugMon_Handler
                0x080016b6        0xe ./Core/Src/stm32l5xx_it.o
                0x080016b6                DebugMon_Handler
 .text.PendSV_Handler
                0x080016c4        0xe ./Core/Src/stm32l5xx_it.o
                0x080016c4                PendSV_Handler
 .text.SysTick_Handler
                0x080016d2        0xc ./Core/Src/stm32l5xx_it.o
                0x080016d2                SysTick_Handler
 .text.EXTI13_IRQHandler
                0x080016de       0x10 ./Core/Src/stm32l5xx_it.o
                0x080016de                EXTI13_IRQHandler
 *fill*         0x080016ee        0x2 
 .text.TIM2_IRQHandler
                0x080016f0       0x14 ./Core/Src/stm32l5xx_it.o
                0x080016f0                TIM2_IRQHandler
 .text.SPI1_IRQHandler
                0x08001704       0x14 ./Core/Src/stm32l5xx_it.o
                0x08001704                SPI1_IRQHandler
 .text.USART1_IRQHandler
                0x08001718       0x14 ./Core/Src/stm32l5xx_it.o
                0x08001718                USART1_IRQHandler
 .text._sbrk    0x0800172c       0x6c ./Core/Src/sysmem.o
                0x0800172c                _sbrk
 .text.SystemInit
                0x08001798       0x24 ./Core/Src/system_stm32l5xx.o
                0x08001798                SystemInit
 .text.SystemCoreClockUpdate
                0x080017bc      0x15c ./Core/Src/system_stm32l5xx.o
                0x080017bc                SystemCoreClockUpdate
 .text.Reset_Handler
                0x08001918       0x50 ./Core/Startup/startup_stm32l562qeixq.o
                0x08001918                Reset_Handler
 .text.Default_Handler
                0x08001968        0x2 ./Core/Startup/startup_stm32l562qeixq.o
                0x08001968                EXTI2_IRQHandler
                0x08001968                TIM8_TRG_COM_IRQHandler
                0x08001968                TIM8_CC_IRQHandler
                0x08001968                EXTI5_IRQHandler
                0x08001968                FLASH_S_IRQHandler
                0x08001968                TIM1_CC_IRQHandler
                0x08001968                TSC_IRQHandler
                0x08001968                TAMP_IRQHandler
                0x08001968                TIM6_IRQHandler
                0x08001968                EXTI12_IRQHandler
                0x08001968                DMA2_Channel8_IRQHandler
                0x08001968                EXTI3_IRQHandler
                0x08001968                EXTI8_IRQHandler
                0x08001968                LPTIM2_IRQHandler
                0x08001968                DFSDM1_FLT1_IRQHandler
                0x08001968                USB_FS_IRQHandler
                0x08001968                I2C3_ER_IRQHandler
                0x08001968                DFSDM1_FLT2_IRQHandler
                0x08001968                DMAMUX1_IRQHandler
                0x08001968                LPTIM3_IRQHandler
                0x08001968                EXTI0_IRQHandler
                0x08001968                I2C2_EV_IRQHandler
                0x08001968                FPU_IRQHandler
                0x08001968                FDCAN1_IT1_IRQHandler
                0x08001968                ADC1_2_IRQHandler
                0x08001968                OCTOSPI1_IRQHandler
                0x08001968                TIM8_UP_IRQHandler
                0x08001968                RCC_S_IRQHandler
                0x08001968                DMA2_Channel2_IRQHandler
                0x08001968                DMA1_Channel4_IRQHandler
                0x08001968                SAI2_IRQHandler
                0x08001968                DFSDM1_FLT3_IRQHandler
                0x08001968                PKA_IRQHandler
                0x08001968                EXTI15_IRQHandler
                0x08001968                TIM17_IRQHandler
                0x08001968                USART3_IRQHandler
                0x08001968                RTC_IRQHandler
                0x08001968                EXTI9_IRQHandler
                0x08001968                DMA1_Channel7_IRQHandler
                0x08001968                UART5_IRQHandler
                0x08001968                TIM4_IRQHandler
                0x08001968                DMA2_Channel1_IRQHandler
                0x08001968                I2C1_EV_IRQHandler
                0x08001968                DMA1_Channel6_IRQHandler
                0x08001968                TIM16_IRQHandler
                0x08001968                UART4_IRQHandler
                0x08001968                DMA2_Channel4_IRQHandler
                0x08001968                SecureFault_Handler
                0x08001968                TIM3_IRQHandler
                0x08001968                RCC_IRQHandler
                0x08001968                TIM1_TRG_COM_IRQHandler
                0x08001968                DMA1_Channel1_IRQHandler
                0x08001968                Default_Handler
                0x08001968                DMA2_Channel7_IRQHandler
                0x08001968                OTFDEC1_IRQHandler
                0x08001968                DMA1_Channel8_IRQHandler
                0x08001968                TIM7_IRQHandler
                0x08001968                SDMMC1_IRQHandler
                0x08001968                TIM5_IRQHandler
                0x08001968                UCPD1_IRQHandler
                0x08001968                TIM15_IRQHandler
                0x08001968                I2C3_EV_IRQHandler
                0x08001968                PVD_PVM_IRQHandler
                0x08001968                SPI2_IRQHandler
                0x08001968                EXTI14_IRQHandler
                0x08001968                EXTI11_IRQHandler
                0x08001968                DMA2_Channel5_IRQHandler
                0x08001968                CRS_IRQHandler
                0x08001968                DMA1_Channel5_IRQHandler
                0x08001968                EXTI4_IRQHandler
                0x08001968                RTC_S_IRQHandler
                0x08001968                RNG_IRQHandler
                0x08001968                DMAMUX1_S_IRQHandler
                0x08001968                DMA1_Channel3_IRQHandler
                0x08001968                COMP_IRQHandler
                0x08001968                TIM1_UP_IRQHandler
                0x08001968                WWDG_IRQHandler
                0x08001968                I2C4_EV_IRQHandler
                0x08001968                LPUART1_IRQHandler
                0x08001968                DMA2_Channel6_IRQHandler
                0x08001968                FDCAN1_IT0_IRQHandler
                0x08001968                TAMP_S_IRQHandler
                0x08001968                EXTI7_IRQHandler
                0x08001968                TIM1_BRK_IRQHandler
                0x08001968                DAC_IRQHandler
                0x08001968                EXTI1_IRQHandler
                0x08001968                AES_IRQHandler
                0x08001968                GTZC_IRQHandler
                0x08001968                USART2_IRQHandler
                0x08001968                DFSDM1_FLT0_IRQHandler
                0x08001968                I2C2_ER_IRQHandler
                0x08001968                DMA1_Channel2_IRQHandler
                0x08001968                TIM8_BRK_IRQHandler
                0x08001968                FLASH_IRQHandler
                0x08001968                EXTI10_IRQHandler
                0x08001968                SPI3_IRQHandler
                0x08001968                I2C1_ER_IRQHandler
                0x08001968                FMC_IRQHandler
                0x08001968                EXTI6_IRQHandler
                0x08001968                LPTIM1_IRQHandler
                0x08001968                I2C4_ER_IRQHandler
                0x08001968                ICACHE_IRQHandler
                0x08001968                SAI1_IRQHandler
                0x08001968                HASH_IRQHandler
                0x08001968                DMA2_Channel3_IRQHandler
 .text.HAL_Init
                0x0800196a       0x34 ./Drivers/STM32L5xx_HAL_Driver/Src/stm32l5xx_hal.o
                0x0800196a                HAL_Init
 *fill*         0x0800199e        0x2 
 .text.HAL_InitTick
                0x080019a0       0x78 ./Drivers/STM32L5xx_HAL_Driver/Src/stm32l5xx_hal.o
                0x080019a0                HAL_InitTick
 .text.HAL_IncTick
                0x08001a18       0x28 ./Drivers/STM32L5xx_HAL_Driver/Src/stm32l5xx_hal.o
                0x08001a18                HAL_IncTick
 .text.HAL_GetTick
                0x08001a40       0x18 ./Drivers/STM32L5xx_HAL_Driver/Src/stm32l5xx_hal.o
                0x08001a40                HAL_GetTick
 .text.HAL_Delay
                0x08001a58       0x48 ./Drivers/STM32L5xx_HAL_Driver/Src/stm32l5xx_hal.o
                0x08001a58                HAL_Delay
 .text.__NVIC_SetPriorityGrouping
                0x08001aa0       0x48 ./Drivers/STM32L5xx_HAL_Driver/Src/stm32l5xx_hal_cortex.o
 .text.__NVIC_GetPriorityGrouping
                0x08001ae8       0x1c ./Drivers/STM32L5xx_HAL_Driver/Src/stm32l5xx_hal_cortex.o
 .text.__NVIC_EnableIRQ
                0x08001b04       0x3c ./Drivers/STM32L5xx_HAL_Driver/Src/stm32l5xx_hal_cortex.o
 .text.__NVIC_SetPriority
                0x08001b40       0x54 ./Drivers/STM32L5xx_HAL_Driver/Src/stm32l5xx_hal_cortex.o
 .text.NVIC_EncodePriority
                0x08001b94       0x66 ./Drivers/STM32L5xx_HAL_Driver/Src/stm32l5xx_hal_cortex.o
 *fill*         0x08001bfa        0x2 
 .text.SysTick_Config
                0x08001bfc       0x44 ./Drivers/STM32L5xx_HAL_Driver/Src/stm32l5xx_hal_cortex.o
 .text.HAL_NVIC_SetPriorityGrouping
                0x08001c40       0x16 ./Drivers/STM32L5xx_HAL_Driver/Src/stm32l5xx_hal_cortex.o
                0x08001c40                HAL_NVIC_SetPriorityGrouping
 .text.HAL_NVIC_SetPriority
                0x08001c56       0x34 ./Drivers/STM32L5xx_HAL_Driver/Src/stm32l5xx_hal_cortex.o
                0x08001c56                HAL_NVIC_SetPriority
 .text.HAL_NVIC_EnableIRQ
                0x08001c8a       0x1c ./Drivers/STM32L5xx_HAL_Driver/Src/stm32l5xx_hal_cortex.o
                0x08001c8a                HAL_NVIC_EnableIRQ
 .text.HAL_SYSTICK_Config
                0x08001ca6       0x18 ./Drivers/STM32L5xx_HAL_Driver/Src/stm32l5xx_hal_cortex.o
                0x08001ca6                HAL_SYSTICK_Config
 *fill*         0x08001cbe        0x2 
 .text.HAL_DFSDM_ChannelInit
                0x08001cc0      0x180 ./Drivers/STM32L5xx_HAL_Driver/Src/stm32l5xx_hal_dfsdm.o
                0x08001cc0                HAL_DFSDM_ChannelInit
 .text.HAL_DFSDM_FilterInit
                0x08001e40      0x1b4 ./Drivers/STM32L5xx_HAL_Driver/Src/stm32l5xx_hal_dfsdm.o
                0x08001e40                HAL_DFSDM_FilterInit
 .text.HAL_DFSDM_FilterConfigRegChannel
                0x08001ff4       0x8a ./Drivers/STM32L5xx_HAL_Driver/Src/stm32l5xx_hal_dfsdm.o
                0x08001ff4                HAL_DFSDM_FilterConfigRegChannel
 .text.HAL_DFSDM_FilterRegularStart
                0x0800207e       0x36 ./Drivers/STM32L5xx_HAL_Driver/Src/stm32l5xx_hal_dfsdm.o
                0x0800207e                HAL_DFSDM_FilterRegularStart
 .text.HAL_DFSDM_FilterPollForRegConversion
                0x080020b4       0xac ./Drivers/STM32L5xx_HAL_Driver/Src/stm32l5xx_hal_dfsdm.o
                0x080020b4                HAL_DFSDM_FilterPollForRegConversion
 .text.HAL_DFSDM_FilterGetRegularValue
                0x08002160       0x3e ./Drivers/STM32L5xx_HAL_Driver/Src/stm32l5xx_hal_dfsdm.o
                0x08002160                HAL_DFSDM_FilterGetRegularValue
 .text.HAL_DFSDM_FilterErrorCallback
                0x0800219e       0x14 ./Drivers/STM32L5xx_HAL_Driver/Src/stm32l5xx_hal_dfsdm.o
                0x0800219e                HAL_DFSDM_FilterErrorCallback
 *fill*         0x080021b2        0x2 
 .text.DFSDM_GetChannelFromInstance
                0x080021b4       0x50 ./Drivers/STM32L5xx_HAL_Driver/Src/stm32l5xx_hal_dfsdm.o
 .text.DFSDM_RegConvStart
                0x08002204       0xac ./Drivers/STM32L5xx_HAL_Driver/Src/stm32l5xx_hal_dfsdm.o
 .text.HAL_DMA_Abort
                0x080022b0       0xb8 ./Drivers/STM32L5xx_HAL_Driver/Src/stm32l5xx_hal_dma.o
                0x080022b0                HAL_DMA_Abort
 .text.HAL_DMA_Abort_IT
                0x08002368       0xbe ./Drivers/STM32L5xx_HAL_Driver/Src/stm32l5xx_hal_dma.o
                0x08002368                HAL_DMA_Abort_IT
 *fill*         0x08002426        0x2 
 .text.HAL_GPIO_Init
                0x08002428      0x300 ./Drivers/STM32L5xx_HAL_Driver/Src/stm32l5xx_hal_gpio.o
                0x08002428                HAL_GPIO_Init
 .text.HAL_GPIO_WritePin
                0x08002728       0x30 ./Drivers/STM32L5xx_HAL_Driver/Src/stm32l5xx_hal_gpio.o
                0x08002728                HAL_GPIO_WritePin
 .text.HAL_GPIO_TogglePin
                0x08002758       0x34 ./Drivers/STM32L5xx_HAL_Driver/Src/stm32l5xx_hal_gpio.o
                0x08002758                HAL_GPIO_TogglePin
 .text.HAL_GPIO_EXTI_IRQHandler
                0x0800278c       0x4c ./Drivers/STM32L5xx_HAL_Driver/Src/stm32l5xx_hal_gpio.o
                0x0800278c                HAL_GPIO_EXTI_IRQHandler
 .text.HAL_GPIO_EXTI_Rising_Callback
                0x080027d8       0x16 ./Drivers/STM32L5xx_HAL_Driver/Src/stm32l5xx_hal_gpio.o
                0x080027d8                HAL_GPIO_EXTI_Rising_Callback
 .text.HAL_I2C_Init
                0x080027ee      0x136 ./Drivers/STM32L5xx_HAL_Driver/Src/stm32l5xx_hal_i2c.o
                0x080027ee                HAL_I2C_Init
 .text.HAL_I2CEx_ConfigAnalogFilter
                0x08002924       0x96 ./Drivers/STM32L5xx_HAL_Driver/Src/stm32l5xx_hal_i2c_ex.o
                0x08002924                HAL_I2CEx_ConfigAnalogFilter
 .text.HAL_I2CEx_ConfigDigitalFilter
                0x080029ba       0x98 ./Drivers/STM32L5xx_HAL_Driver/Src/stm32l5xx_hal_i2c_ex.o
                0x080029ba                HAL_I2CEx_ConfigDigitalFilter
 *fill*         0x08002a52        0x2 
 .text.HAL_ICACHE_ConfigAssociativityMode
                0x08002a54       0x40 ./Drivers/STM32L5xx_HAL_Driver/Src/stm32l5xx_hal_icache.o
                0x08002a54                HAL_ICACHE_ConfigAssociativityMode
 .text.HAL_ICACHE_Enable
                0x08002a94       0x20 ./Drivers/STM32L5xx_HAL_Driver/Src/stm32l5xx_hal_icache.o
                0x08002a94                HAL_ICACHE_Enable
 .text.HAL_PWREx_GetVoltageRange
                0x08002ab4       0x1c ./Drivers/STM32L5xx_HAL_Driver/Src/stm32l5xx_hal_pwr_ex.o
                0x08002ab4                HAL_PWREx_GetVoltageRange
 .text.HAL_PWREx_ControlVoltageScaling
                0x08002ad0       0xb8 ./Drivers/STM32L5xx_HAL_Driver/Src/stm32l5xx_hal_pwr_ex.o
                0x08002ad0                HAL_PWREx_ControlVoltageScaling
 .text.HAL_PWREx_EnableVddIO2
                0x08002b88       0x20 ./Drivers/STM32L5xx_HAL_Driver/Src/stm32l5xx_hal_pwr_ex.o
                0x08002b88                HAL_PWREx_EnableVddIO2
 .text.HAL_PWREx_DisableUCPDDeadBattery
                0x08002ba8       0x20 ./Drivers/STM32L5xx_HAL_Driver/Src/stm32l5xx_hal_pwr_ex.o
                0x08002ba8                HAL_PWREx_DisableUCPDDeadBattery
 .text.HAL_PWREx_SMPS_GetEffectiveMode
                0x08002bc8       0x48 ./Drivers/STM32L5xx_HAL_Driver/Src/stm32l5xx_hal_pwr_ex.o
                0x08002bc8                HAL_PWREx_SMPS_GetEffectiveMode
 .text.HAL_RCC_OscConfig
                0x08002c10      0x9ac ./Drivers/STM32L5xx_HAL_Driver/Src/stm32l5xx_hal_rcc.o
                0x08002c10                HAL_RCC_OscConfig
 .text.HAL_RCC_ClockConfig
                0x080035bc      0x270 ./Drivers/STM32L5xx_HAL_Driver/Src/stm32l5xx_hal_rcc.o
                0x080035bc                HAL_RCC_ClockConfig
 .text.HAL_RCC_GetSysClockFreq
                0x0800382c      0x13c ./Drivers/STM32L5xx_HAL_Driver/Src/stm32l5xx_hal_rcc.o
                0x0800382c                HAL_RCC_GetSysClockFreq
 .text.HAL_RCC_GetHCLKFreq
                0x08003968       0x28 ./Drivers/STM32L5xx_HAL_Driver/Src/stm32l5xx_hal_rcc.o
                0x08003968                HAL_RCC_GetHCLKFreq
 .text.HAL_RCC_GetPCLK1Freq
                0x08003990       0x28 ./Drivers/STM32L5xx_HAL_Driver/Src/stm32l5xx_hal_rcc.o
                0x08003990                HAL_RCC_GetPCLK1Freq
 .text.HAL_RCC_GetPCLK2Freq
                0x080039b8       0x28 ./Drivers/STM32L5xx_HAL_Driver/Src/stm32l5xx_hal_rcc.o
                0x080039b8                HAL_RCC_GetPCLK2Freq
 .text.RCC_SetFlashLatencyFromMSIRange
                0x080039e0       0xc8 ./Drivers/STM32L5xx_HAL_Driver/Src/stm32l5xx_hal_rcc.o
 .text.RCC_GetSysClockFreqFromPLLSource
                0x08003aa8       0xdc ./Drivers/STM32L5xx_HAL_Driver/Src/stm32l5xx_hal_rcc.o
 .text.HAL_RCCEx_PeriphCLKConfig
                0x08003b84      0x708 ./Drivers/STM32L5xx_HAL_Driver/Src/stm32l5xx_hal_rcc_ex.o
                0x08003b84                HAL_RCCEx_PeriphCLKConfig
 .text.HAL_RCCEx_GetPeriphCLKFreq
                0x0800428c      0xf44 ./Drivers/STM32L5xx_HAL_Driver/Src/stm32l5xx_hal_rcc_ex.o
                0x0800428c                HAL_RCCEx_GetPeriphCLKFreq
 .text.RCCEx_PLLSAI1_Config
                0x080051d0      0x1cc ./Drivers/STM32L5xx_HAL_Driver/Src/stm32l5xx_hal_rcc_ex.o
 .text.RCCEx_PLLSAI2_Config
                0x0800539c      0x158 ./Drivers/STM32L5xx_HAL_Driver/Src/stm32l5xx_hal_rcc_ex.o
 .text.RCCEx_PLLSAI1_GetVCOFreq
                0x080054f4       0xb4 ./Drivers/STM32L5xx_HAL_Driver/Src/stm32l5xx_hal_rcc_ex.o
 .text.RCCEx_PLLSAI2_GetVCOFreq
                0x080055a8       0xb4 ./Drivers/STM32L5xx_HAL_Driver/Src/stm32l5xx_hal_rcc_ex.o
 .text.RCCEx_GetSAIxPeriphCLKFreq
                0x0800565c      0x200 ./Drivers/STM32L5xx_HAL_Driver/Src/stm32l5xx_hal_rcc_ex.o
 .text.HAL_SAI_Init
                0x0800585c      0x3e0 ./Drivers/STM32L5xx_HAL_Driver/Src/stm32l5xx_hal_sai.o
                0x0800585c                HAL_SAI_Init
 .text.SAI_Disable
                0x08005c3c       0x74 ./Drivers/STM32L5xx_HAL_Driver/Src/stm32l5xx_hal_sai.o
 .text.HAL_SPI_Init
                0x08005cb0      0x146 ./Drivers/STM32L5xx_HAL_Driver/Src/stm32l5xx_hal_spi.o
                0x08005cb0                HAL_SPI_Init
 *fill*         0x08005df6        0x2 
 .text.HAL_SPI_IRQHandler
                0x08005df8      0x200 ./Drivers/STM32L5xx_HAL_Driver/Src/stm32l5xx_hal_spi.o
                0x08005df8                HAL_SPI_IRQHandler
 .text.HAL_SPI_ErrorCallback
                0x08005ff8       0x14 ./Drivers/STM32L5xx_HAL_Driver/Src/stm32l5xx_hal_spi.o
                0x08005ff8                HAL_SPI_ErrorCallback
 .text.SPI_DMAAbortOnError
                0x0800600c       0x2a ./Drivers/STM32L5xx_HAL_Driver/Src/stm32l5xx_hal_spi.o
 .text.HAL_TIM_Base_Init
                0x08006036       0xae ./Drivers/STM32L5xx_HAL_Driver/Src/stm32l5xx_hal_tim.o
                0x08006036                HAL_TIM_Base_Init
 .text.HAL_TIM_Base_Start_IT
                0x080060e4       0xe0 ./Drivers/STM32L5xx_HAL_Driver/Src/stm32l5xx_hal_tim.o
                0x080060e4                HAL_TIM_Base_Start_IT
 .text.HAL_TIM_IRQHandler
                0x080061c4      0x20e ./Drivers/STM32L5xx_HAL_Driver/Src/stm32l5xx_hal_tim.o
                0x080061c4                HAL_TIM_IRQHandler
 .text.HAL_TIM_ConfigClockSource
                0x080063d2      0x192 ./Drivers/STM32L5xx_HAL_Driver/Src/stm32l5xx_hal_tim.o
                0x080063d2                HAL_TIM_ConfigClockSource
 .text.HAL_TIM_OC_DelayElapsedCallback
                0x08006564       0x14 ./Drivers/STM32L5xx_HAL_Driver/Src/stm32l5xx_hal_tim.o
                0x08006564                HAL_TIM_OC_DelayElapsedCallback
 .text.HAL_TIM_IC_CaptureCallback
                0x08006578       0x14 ./Drivers/STM32L5xx_HAL_Driver/Src/stm32l5xx_hal_tim.o
                0x08006578                HAL_TIM_IC_CaptureCallback
 .text.HAL_TIM_PWM_PulseFinishedCallback
                0x0800658c       0x14 ./Drivers/STM32L5xx_HAL_Driver/Src/stm32l5xx_hal_tim.o
                0x0800658c                HAL_TIM_PWM_PulseFinishedCallback
 .text.HAL_TIM_TriggerCallback
                0x080065a0       0x14 ./Drivers/STM32L5xx_HAL_Driver/Src/stm32l5xx_hal_tim.o
                0x080065a0                HAL_TIM_TriggerCallback
 .text.TIM_Base_SetConfig
                0x080065b4      0x14c ./Drivers/STM32L5xx_HAL_Driver/Src/stm32l5xx_hal_tim.o
                0x080065b4                TIM_Base_SetConfig
 .text.TIM_TI1_ConfigInputStage
                0x08006700       0x5e ./Drivers/STM32L5xx_HAL_Driver/Src/stm32l5xx_hal_tim.o
 .text.TIM_TI2_ConfigInputStage
                0x0800675e       0x60 ./Drivers/STM32L5xx_HAL_Driver/Src/stm32l5xx_hal_tim.o
 .text.TIM_ITRx_SetConfig
                0x080067be       0x3a ./Drivers/STM32L5xx_HAL_Driver/Src/stm32l5xx_hal_tim.o
 .text.TIM_ETR_SetConfig
                0x080067f8       0x40 ./Drivers/STM32L5xx_HAL_Driver/Src/stm32l5xx_hal_tim.o
                0x080067f8                TIM_ETR_SetConfig
 .text.HAL_TIMEx_MasterConfigSynchronization
                0x08006838      0x110 ./Drivers/STM32L5xx_HAL_Driver/Src/stm32l5xx_hal_tim_ex.o
                0x08006838                HAL_TIMEx_MasterConfigSynchronization
 .text.HAL_TIMEx_CommutCallback
                0x08006948       0x14 ./Drivers/STM32L5xx_HAL_Driver/Src/stm32l5xx_hal_tim_ex.o
                0x08006948                HAL_TIMEx_CommutCallback
 .text.HAL_TIMEx_BreakCallback
                0x0800695c       0x14 ./Drivers/STM32L5xx_HAL_Driver/Src/stm32l5xx_hal_tim_ex.o
                0x0800695c                HAL_TIMEx_BreakCallback
 .text.HAL_TIMEx_Break2Callback
                0x08006970       0x14 ./Drivers/STM32L5xx_HAL_Driver/Src/stm32l5xx_hal_tim_ex.o
                0x08006970                HAL_TIMEx_Break2Callback
 .text.HAL_UART_Init
                0x08006984       0xa0 ./Drivers/STM32L5xx_HAL_Driver/Src/stm32l5xx_hal_uart.o
                0x08006984                HAL_UART_Init
 .text.HAL_UART_Transmit
                0x08006a24      0x11c ./Drivers/STM32L5xx_HAL_Driver/Src/stm32l5xx_hal_uart.o
                0x08006a24                HAL_UART_Transmit
 .text.HAL_UART_IRQHandler
                0x08006b40      0x648 ./Drivers/STM32L5xx_HAL_Driver/Src/stm32l5xx_hal_uart.o
                0x08006b40                HAL_UART_IRQHandler
 .text.HAL_UART_TxCpltCallback
                0x08007188       0x14 ./Drivers/STM32L5xx_HAL_Driver/Src/stm32l5xx_hal_uart.o
                0x08007188                HAL_UART_TxCpltCallback
 .text.HAL_UART_ErrorCallback
                0x0800719c       0x14 ./Drivers/STM32L5xx_HAL_Driver/Src/stm32l5xx_hal_uart.o
                0x0800719c                HAL_UART_ErrorCallback
 .text.HAL_UARTEx_RxEventCallback
                0x080071b0       0x18 ./Drivers/STM32L5xx_HAL_Driver/Src/stm32l5xx_hal_uart.o
                0x080071b0                HAL_UARTEx_RxEventCallback
 .text.UART_SetConfig
                0x080071c8      0x600 ./Drivers/STM32L5xx_HAL_Driver/Src/stm32l5xx_hal_uart.o
                0x080071c8                UART_SetConfig
 .text.UART_AdvFeatureConfig
                0x080077c8      0x144 ./Drivers/STM32L5xx_HAL_Driver/Src/stm32l5xx_hal_uart.o
                0x080077c8                UART_AdvFeatureConfig
 .text.UART_CheckIdleState
                0x0800790c      0x154 ./Drivers/STM32L5xx_HAL_Driver/Src/stm32l5xx_hal_uart.o
                0x0800790c                UART_CheckIdleState
 .text.UART_WaitOnFlagUntilTimeout
                0x08007a60       0xda ./Drivers/STM32L5xx_HAL_Driver/Src/stm32l5xx_hal_uart.o
                0x08007a60                UART_WaitOnFlagUntilTimeout
 .text.UART_EndRxTransfer
                0x08007b3a       0xcc ./Drivers/STM32L5xx_HAL_Driver/Src/stm32l5xx_hal_uart.o
 .text.UART_DMAAbortOnError
                0x08007c06       0x2c ./Drivers/STM32L5xx_HAL_Driver/Src/stm32l5xx_hal_uart.o
 .text.UART_EndTransmit_IT
                0x08007c32       0x56 ./Drivers/STM32L5xx_HAL_Driver/Src/stm32l5xx_hal_uart.o
 .text.HAL_UARTEx_WakeupCallback
                0x08007c88       0x14 ./Drivers/STM32L5xx_HAL_Driver/Src/stm32l5xx_hal_uart_ex.o
                0x08007c88                HAL_UARTEx_WakeupCallback
 .text.HAL_UARTEx_RxFifoFullCallback
                0x08007c9c       0x14 ./Drivers/STM32L5xx_HAL_Driver/Src/stm32l5xx_hal_uart_ex.o
                0x08007c9c                HAL_UARTEx_RxFifoFullCallback
 .text.HAL_UARTEx_TxFifoEmptyCallback
                0x08007cb0       0x14 ./Drivers/STM32L5xx_HAL_Driver/Src/stm32l5xx_hal_uart_ex.o
                0x08007cb0                HAL_UARTEx_TxFifoEmptyCallback
 .text.HAL_UARTEx_DisableFifoMode
                0x08007cc4       0x72 ./Drivers/STM32L5xx_HAL_Driver/Src/stm32l5xx_hal_uart_ex.o
                0x08007cc4                HAL_UARTEx_DisableFifoMode
 .text.HAL_UARTEx_SetTxFifoThreshold
                0x08007d36       0x7c ./Drivers/STM32L5xx_HAL_Driver/Src/stm32l5xx_hal_uart_ex.o
                0x08007d36                HAL_UARTEx_SetTxFifoThreshold
 .text.HAL_UARTEx_SetRxFifoThreshold
                0x08007db2       0x7c ./Drivers/STM32L5xx_HAL_Driver/Src/stm32l5xx_hal_uart_ex.o
                0x08007db2                HAL_UARTEx_SetRxFifoThreshold
 *fill*         0x08007e2e        0x2 
 .text.UARTEx_SetNbDataToProcess
                0x08007e30       0x9c ./Drivers/STM32L5xx_HAL_Driver/Src/stm32l5xx_hal_uart_ex.o
 .text.sprintf  0x08007ecc       0x44 C:/Program Files/STMicroelectronics/STM32Cube/STM32CubeIDE_1.18.1/STM32CubeIDE/plugins/com.st.stm32cube.ide.mcu.externaltools.gnu-tools-for-stm32.13.3.rel1.win32_1.0.0.202411081344/tools/bin/../lib/gcc/arm-none-eabi/13.3.1/../../../../arm-none-eabi/lib/thumb/v8-m.main+fp/hard\libc_nano.a(libc_a-sprintf.o)
                0x08007ecc                siprintf
                0x08007ecc                sprintf
 .text.memset   0x08007f10       0x10 C:/Program Files/STMicroelectronics/STM32Cube/STM32CubeIDE_1.18.1/STM32CubeIDE/plugins/com.st.stm32cube.ide.mcu.externaltools.gnu-tools-for-stm32.13.3.rel1.win32_1.0.0.202411081344/tools/bin/../lib/gcc/arm-none-eabi/13.3.1/../../../../arm-none-eabi/lib/thumb/v8-m.main+fp/hard\libc_nano.a(libc_a-memset.o)
                0x08007f10                memset
 .text.__errno  0x08007f20        0xc C:/Program Files/STMicroelectronics/STM32Cube/STM32CubeIDE_1.18.1/STM32CubeIDE/plugins/com.st.stm32cube.ide.mcu.externaltools.gnu-tools-for-stm32.13.3.rel1.win32_1.0.0.202411081344/tools/bin/../lib/gcc/arm-none-eabi/13.3.1/../../../../arm-none-eabi/lib/thumb/v8-m.main+fp/hard\libc_nano.a(libc_a-errno.o)
                0x08007f20                __errno
 .text.__libc_init_array
                0x08007f2c       0x48 C:/Program Files/STMicroelectronics/STM32Cube/STM32CubeIDE_1.18.1/STM32CubeIDE/plugins/com.st.stm32cube.ide.mcu.externaltools.gnu-tools-for-stm32.13.3.rel1.win32_1.0.0.202411081344/tools/bin/../lib/gcc/arm-none-eabi/13.3.1/../../../../arm-none-eabi/lib/thumb/v8-m.main+fp/hard\libc_nano.a(libc_a-init.o)
                0x08007f2c                __libc_init_array
 .text.__retarget_lock_acquire_recursive
                0x08007f74        0x2 C:/Program Files/STMicroelectronics/STM32Cube/STM32CubeIDE_1.18.1/STM32CubeIDE/plugins/com.st.stm32cube.ide.mcu.externaltools.gnu-tools-for-stm32.13.3.rel1.win32_1.0.0.202411081344/tools/bin/../lib/gcc/arm-none-eabi/13.3.1/../../../../arm-none-eabi/lib/thumb/v8-m.main+fp/hard\libc_nano.a(libc_a-lock.o)
                0x08007f74                __retarget_lock_acquire_recursive
 .text.__retarget_lock_release_recursive
                0x08007f76        0x2 C:/Program Files/STMicroelectronics/STM32Cube/STM32CubeIDE_1.18.1/STM32CubeIDE/plugins/com.st.stm32cube.ide.mcu.externaltools.gnu-tools-for-stm32.13.3.rel1.win32_1.0.0.202411081344/tools/bin/../lib/gcc/arm-none-eabi/13.3.1/../../../../arm-none-eabi/lib/thumb/v8-m.main+fp/hard\libc_nano.a(libc_a-lock.o)
                0x08007f76                __retarget_lock_release_recursive
 .text._free_r  0x08007f78       0x94 C:/Program Files/STMicroelectronics/STM32Cube/STM32CubeIDE_1.18.1/STM32CubeIDE/plugins/com.st.stm32cube.ide.mcu.externaltools.gnu-tools-for-stm32.13.3.rel1.win32_1.0.0.202411081344/tools/bin/../lib/gcc/arm-none-eabi/13.3.1/../../../../arm-none-eabi/lib/thumb/v8-m.main+fp/hard\libc_nano.a(libc_a-freer.o)
                0x08007f78                _free_r
 .text.sbrk_aligned
                0x0800800c       0x44 C:/Program Files/STMicroelectronics/STM32Cube/STM32CubeIDE_1.18.1/STM32CubeIDE/plugins/com.st.stm32cube.ide.mcu.externaltools.gnu-tools-for-stm32.13.3.rel1.win32_1.0.0.202411081344/tools/bin/../lib/gcc/arm-none-eabi/13.3.1/../../../../arm-none-eabi/lib/thumb/v8-m.main+fp/hard\libc_nano.a(libc_a-mallocr.o)
 .text._malloc_r
                0x08008050      0x100 C:/Program Files/STMicroelectronics/STM32Cube/STM32CubeIDE_1.18.1/STM32CubeIDE/plugins/com.st.stm32cube.ide.mcu.externaltools.gnu-tools-for-stm32.13.3.rel1.win32_1.0.0.202411081344/tools/bin/../lib/gcc/arm-none-eabi/13.3.1/../../../../arm-none-eabi/lib/thumb/v8-m.main+fp/hard\libc_nano.a(libc_a-mallocr.o)
                0x08008050                _malloc_r
 .text.__malloc_lock
                0x08008150        0xc C:/Program Files/STMicroelectronics/STM32Cube/STM32CubeIDE_1.18.1/STM32CubeIDE/plugins/com.st.stm32cube.ide.mcu.externaltools.gnu-tools-for-stm32.13.3.rel1.win32_1.0.0.202411081344/tools/bin/../lib/gcc/arm-none-eabi/13.3.1/../../../../arm-none-eabi/lib/thumb/v8-m.main+fp/hard\libc_nano.a(libc_a-mlock.o)
                0x08008150                __malloc_lock
 .text.__malloc_unlock
                0x0800815c        0xc C:/Program Files/STMicroelectronics/STM32Cube/STM32CubeIDE_1.18.1/STM32CubeIDE/plugins/com.st.stm32cube.ide.mcu.externaltools.gnu-tools-for-stm32.13.3.rel1.win32_1.0.0.202411081344/tools/bin/../lib/gcc/arm-none-eabi/13.3.1/../../../../arm-none-eabi/lib/thumb/v8-m.main+fp/hard\libc_nano.a(libc_a-mlock.o)
                0x0800815c                __malloc_unlock
 .text.__ssputs_r
                0x08008168       0xb6 C:/Program Files/STMicroelectronics/STM32Cube/STM32CubeIDE_1.18.1/STM32CubeIDE/plugins/com.st.stm32cube.ide.mcu.externaltools.gnu-tools-for-stm32.13.3.rel1.win32_1.0.0.202411081344/tools/bin/../lib/gcc/arm-none-eabi/13.3.1/../../../../arm-none-eabi/lib/thumb/v8-m.main+fp/hard\libc_nano.a(libc_a-nano-svfprintf.o)
                0x08008168                __ssputs_r
 *fill*         0x0800821e        0x2 
 .text._svfprintf_r
                0x08008220      0x1f8 C:/Program Files/STMicroelectronics/STM32Cube/STM32CubeIDE_1.18.1/STM32CubeIDE/plugins/com.st.stm32cube.ide.mcu.externaltools.gnu-tools-for-stm32.13.3.rel1.win32_1.0.0.202411081344/tools/bin/../lib/gcc/arm-none-eabi/13.3.1/../../../../arm-none-eabi/lib/thumb/v8-m.main+fp/hard\libc_nano.a(libc_a-nano-svfprintf.o)
                0x08008220                _svfiprintf_r
                0x08008220                _svfprintf_r
 .text._printf_common
                0x08008418       0xe4 C:/Program Files/STMicroelectronics/STM32Cube/STM32CubeIDE_1.18.1/STM32CubeIDE/plugins/com.st.stm32cube.ide.mcu.externaltools.gnu-tools-for-stm32.13.3.rel1.win32_1.0.0.202411081344/tools/bin/../lib/gcc/arm-none-eabi/13.3.1/../../../../arm-none-eabi/lib/thumb/v8-m.main+fp/hard\libc_nano.a(libc_a-nano-vfprintf_i.o)
                0x08008418                _printf_common
 .text._printf_i
                0x080084fc      0x23c C:/Program Files/STMicroelectronics/STM32Cube/STM32CubeIDE_1.18.1/STM32CubeIDE/plugins/com.st.stm32cube.ide.mcu.externaltools.gnu-tools-for-stm32.13.3.rel1.win32_1.0.0.202411081344/tools/bin/../lib/gcc/arm-none-eabi/13.3.1/../../../../arm-none-eabi/lib/thumb/v8-m.main+fp/hard\libc_nano.a(libc_a-nano-vfprintf_i.o)
                0x080084fc                _printf_i
 .text.memmove  0x08008738       0x34 C:/Program Files/STMicroelectronics/STM32Cube/STM32CubeIDE_1.18.1/STM32CubeIDE/plugins/com.st.stm32cube.ide.mcu.externaltools.gnu-tools-for-stm32.13.3.rel1.win32_1.0.0.202411081344/tools/bin/../lib/gcc/arm-none-eabi/13.3.1/../../../../arm-none-eabi/lib/thumb/v8-m.main+fp/hard\libc_nano.a(libc_a-memmove.o)
                0x08008738                memmove
 .text._sbrk_r  0x0800876c       0x20 C:/Program Files/STMicroelectronics/STM32Cube/STM32CubeIDE_1.18.1/STM32CubeIDE/plugins/com.st.stm32cube.ide.mcu.externaltools.gnu-tools-for-stm32.13.3.rel1.win32_1.0.0.202411081344/tools/bin/../lib/gcc/arm-none-eabi/13.3.1/../../../../arm-none-eabi/lib/thumb/v8-m.main+fp/hard\libc_nano.a(libc_a-sbrkr.o)
                0x0800876c                _sbrk_r
 .text.memchr   0x0800878c       0x1c C:/Program Files/STMicroelectronics/STM32Cube/STM32CubeIDE_1.18.1/STM32CubeIDE/plugins/com.st.stm32cube.ide.mcu.externaltools.gnu-tools-for-stm32.13.3.rel1.win32_1.0.0.202411081344/tools/bin/../lib/gcc/arm-none-eabi/13.3.1/../../../../arm-none-eabi/lib/thumb/v8-m.main+fp/hard\libc_nano.a(libc_a-memchr-stub.o)
                0x0800878c                memchr
 .text.memcpy   0x080087a8       0x1a C:/Program Files/STMicroelectronics/STM32Cube/STM32CubeIDE_1.18.1/STM32CubeIDE/plugins/com.st.stm32cube.ide.mcu.externaltools.gnu-tools-for-stm32.13.3.rel1.win32_1.0.0.202411081344/tools/bin/../lib/gcc/arm-none-eabi/13.3.1/../../../../arm-none-eabi/lib/thumb/v8-m.main+fp/hard\libc_nano.a(libc_a-memcpy-stub.o)
                0x080087a8                memcpy
 .text._realloc_r
                0x080087c2       0x5c C:/Program Files/STMicroelectronics/STM32Cube/STM32CubeIDE_1.18.1/STM32CubeIDE/plugins/com.st.stm32cube.ide.mcu.externaltools.gnu-tools-for-stm32.13.3.rel1.win32_1.0.0.202411081344/tools/bin/../lib/gcc/arm-none-eabi/13.3.1/../../../../arm-none-eabi/lib/thumb/v8-m.main+fp/hard\libc_nano.a(libc_a-reallocr.o)
                0x080087c2                _realloc_r
 .text._malloc_usable_size_r
                0x0800881e       0x10 C:/Program Files/STMicroelectronics/STM32Cube/STM32CubeIDE_1.18.1/STM32CubeIDE/plugins/com.st.stm32cube.ide.mcu.externaltools.gnu-tools-for-stm32.13.3.rel1.win32_1.0.0.202411081344/tools/bin/../lib/gcc/arm-none-eabi/13.3.1/../../../../arm-none-eabi/lib/thumb/v8-m.main+fp/hard\libc_nano.a(libc_a-msizer.o)
                0x0800881e                _malloc_usable_size_r
 *(.glue_7)
 .glue_7        0x0800882e        0x0 linker stubs
 *(.glue_7t)
 .glue_7t       0x0800882e        0x0 linker stubs
 *(.eh_frame)
 *fill*         0x0800882e        0x2 
 .eh_frame      0x08008830        0x0 C:/Program Files/STMicroelectronics/STM32Cube/STM32CubeIDE_1.18.1/STM32CubeIDE/plugins/com.st.stm32cube.ide.mcu.externaltools.gnu-tools-for-stm32.13.3.rel1.win32_1.0.0.202411081344/tools/bin/../lib/gcc/arm-none-eabi/13.3.1/thumb/v8-m.main+fp/hard/crtbegin.o
 *(.init)
 .init          0x08008830        0x4 C:/Program Files/STMicroelectronics/STM32Cube/STM32CubeIDE_1.18.1/STM32CubeIDE/plugins/com.st.stm32cube.ide.mcu.externaltools.gnu-tools-for-stm32.13.3.rel1.win32_1.0.0.202411081344/tools/bin/../lib/gcc/arm-none-eabi/13.3.1/thumb/v8-m.main+fp/hard/crti.o
                0x08008830                _init
 .init          0x08008834        0x8 C:/Program Files/STMicroelectronics/STM32Cube/STM32CubeIDE_1.18.1/STM32CubeIDE/plugins/com.st.stm32cube.ide.mcu.externaltools.gnu-tools-for-stm32.13.3.rel1.win32_1.0.0.202411081344/tools/bin/../lib/gcc/arm-none-eabi/13.3.1/thumb/v8-m.main+fp/hard/crtn.o
 *(.fini)
 .fini          0x0800883c        0x4 C:/Program Files/STMicroelectronics/STM32Cube/STM32CubeIDE_1.18.1/STM32CubeIDE/plugins/com.st.stm32cube.ide.mcu.externaltools.gnu-tools-for-stm32.13.3.rel1.win32_1.0.0.202411081344/tools/bin/../lib/gcc/arm-none-eabi/13.3.1/thumb/v8-m.main+fp/hard/crti.o
                0x0800883c                _fini
 .fini          0x08008840        0x8 C:/Program Files/STMicroelectronics/STM32Cube/STM32CubeIDE_1.18.1/STM32CubeIDE/plugins/com.st.stm32cube.ide.mcu.externaltools.gnu-tools-for-stm32.13.3.rel1.win32_1.0.0.202411081344/tools/bin/../lib/gcc/arm-none-eabi/13.3.1/thumb/v8-m.main+fp/hard/crtn.o
                0x08008848                        . = ALIGN (0x4)
                0x08008848                        _etext = .

.vfp11_veneer   0x08008848        0x0
 .vfp11_veneer  0x08008848        0x0 linker stubs

.v4_bx          0x08008848        0x0
 .v4_bx         0x08008848        0x0 linker stubs

.iplt           0x08008848        0x0
 .iplt          0x08008848        0x0 C:/Program Files/STMicroelectronics/STM32Cube/STM32CubeIDE_1.18.1/STM32CubeIDE/plugins/com.st.stm32cube.ide.mcu.externaltools.gnu-tools-for-stm32.13.3.rel1.win32_1.0.0.202411081344/tools/bin/../lib/gcc/arm-none-eabi/13.3.1/thumb/v8-m.main+fp/hard/crtbegin.o

.rodata         0x08008848       0xbc
                0x08008848                        . = ALIGN (0x4)
 *(.rodata)
 .rodata        0x08008848        0x6 ./Core/Src/main.o
 *(.rodata*)
 *fill*         0x0800884e        0x2 
 .rodata.AHBPrescTable
                0x08008850       0x10 ./Core/Src/system_stm32l5xx.o
                0x08008850                AHBPrescTable
 .rodata.APBPrescTable
                0x08008860        0x8 ./Core/Src/system_stm32l5xx.o
                0x08008860                APBPrescTable
 .rodata.MSIRangeTable
                0x08008868       0x40 ./Core/Src/system_stm32l5xx.o
                0x08008868                MSIRangeTable
 .rodata.UARTPrescTable
                0x080088a8       0x18 ./Drivers/STM32L5xx_HAL_Driver/Src/stm32l5xx_hal_uart.o
                0x080088a8                UARTPrescTable
 .rodata.numerator.1
                0x080088c0        0x8 ./Drivers/STM32L5xx_HAL_Driver/Src/stm32l5xx_hal_uart_ex.o
 .rodata.denominator.0
                0x080088c8        0x8 ./Drivers/STM32L5xx_HAL_Driver/Src/stm32l5xx_hal_uart_ex.o
 .rodata._svfprintf_r.str1.1
                0x080088d0       0x33 C:/Program Files/STMicroelectronics/STM32Cube/STM32CubeIDE_1.18.1/STM32CubeIDE/plugins/com.st.stm32cube.ide.mcu.externaltools.gnu-tools-for-stm32.13.3.rel1.win32_1.0.0.202411081344/tools/bin/../lib/gcc/arm-none-eabi/13.3.1/../../../../arm-none-eabi/lib/thumb/v8-m.main+fp/hard\libc_nano.a(libc_a-nano-svfprintf.o)
                                 0x11 (size before relaxing)
 .rodata._printf_i.str1.1
                0x08008903       0x22 C:/Program Files/STMicroelectronics/STM32Cube/STM32CubeIDE_1.18.1/STM32CubeIDE/plugins/com.st.stm32cube.ide.mcu.externaltools.gnu-tools-for-stm32.13.3.rel1.win32_1.0.0.202411081344/tools/bin/../lib/gcc/arm-none-eabi/13.3.1/../../../../arm-none-eabi/lib/thumb/v8-m.main+fp/hard\libc_nano.a(libc_a-nano-vfprintf_i.o)
                0x08008928                        . = ALIGN (0x4)
 *fill*         0x08008903        0x1 

.ARM.extab      0x08008904        0x0
                0x08008904                        . = ALIGN (0x4)
 *(.ARM.extab* .gnu.linkonce.armextab.*)
                0x08008904                        . = ALIGN (0x4)

.ARM            0x08008904        0x8
                0x08008904                        . = ALIGN (0x4)
                0x08008904                        __exidx_start = .
 *(.ARM.exidx*)
 .ARM.exidx     0x08008904        0x8 C:/Program Files/STMicroelectronics/STM32Cube/STM32CubeIDE_1.18.1/STM32CubeIDE/plugins/com.st.stm32cube.ide.mcu.externaltools.gnu-tools-for-stm32.13.3.rel1.win32_1.0.0.202411081344/tools/bin/../lib/gcc/arm-none-eabi/13.3.1/../../../../arm-none-eabi/lib/thumb/v8-m.main+fp/hard\libc_nano.a(libc_a-strlen.o)
 .ARM.exidx     0x0800890c        0x0 C:/Program Files/STMicroelectronics/STM32Cube/STM32CubeIDE_1.18.1/STM32CubeIDE/plugins/com.st.stm32cube.ide.mcu.externaltools.gnu-tools-for-stm32.13.3.rel1.win32_1.0.0.202411081344/tools/bin/../lib/gcc/arm-none-eabi/13.3.1/thumb/v8-m.main+fp/hard\libgcc.a(_udivmoddi4.o)
                                  0x8 (size before relaxing)
                0x0800890c                        __exidx_end = .
                0x0800890c                        . = ALIGN (0x4)

.preinit_array  0x0800890c        0x0
                0x0800890c                        . = ALIGN (0x4)
                0x0800890c                        PROVIDE (__preinit_array_start = .)
 *(.preinit_array*)
                0x0800890c                        PROVIDE (__preinit_array_end = .)
                0x0800890c                        . = ALIGN (0x4)

.init_array     0x0800890c        0x4
                0x0800890c                        . = ALIGN (0x4)
                0x0800890c                        PROVIDE (__init_array_start = .)
 *(SORT_BY_NAME(.init_array.*))
 *(.init_array*)
 .init_array    0x0800890c        0x4 C:/Program Files/STMicroelectronics/STM32Cube/STM32CubeIDE_1.18.1/STM32CubeIDE/plugins/com.st.stm32cube.ide.mcu.externaltools.gnu-tools-for-stm32.13.3.rel1.win32_1.0.0.202411081344/tools/bin/../lib/gcc/arm-none-eabi/13.3.1/thumb/v8-m.main+fp/hard/crtbegin.o
                0x08008910                        PROVIDE (__init_array_end = .)
                0x08008910                        . = ALIGN (0x4)

.fini_array     0x08008910        0x4
                0x08008910                        . = ALIGN (0x4)
                [!provide]                        PROVIDE (__fini_array_start = .)
 *(SORT_BY_NAME(.fini_array.*))
 *(.fini_array*)
 .fini_array    0x08008910        0x4 C:/Program Files/STMicroelectronics/STM32Cube/STM32CubeIDE_1.18.1/STM32CubeIDE/plugins/com.st.stm32cube.ide.mcu.externaltools.gnu-tools-for-stm32.13.3.rel1.win32_1.0.0.202411081344/tools/bin/../lib/gcc/arm-none-eabi/13.3.1/thumb/v8-m.main+fp/hard/crtbegin.o
                [!provide]                        PROVIDE (__fini_array_end = .)
                0x08008914                        . = ALIGN (0x4)
                0x08008914                        _sidata = LOADADDR (.data)

.rel.dyn        0x08008914        0x0
 .rel.iplt      0x08008914        0x0 C:/Program Files/STMicroelectronics/STM32Cube/STM32CubeIDE_1.18.1/STM32CubeIDE/plugins/com.st.stm32cube.ide.mcu.externaltools.gnu-tools-for-stm32.13.3.rel1.win32_1.0.0.202411081344/tools/bin/../lib/gcc/arm-none-eabi/13.3.1/thumb/v8-m.main+fp/hard/crtbegin.o

.data           0x20000000       0x5c load address 0x08008914
                0x20000000                        . = ALIGN (0x4)
                0x20000000                        _sdata = .
 *(.data)
 *(.data*)
 .data.SystemCoreClock
                0x20000000        0x4 ./Core/Src/system_stm32l5xx.o
                0x20000000                SystemCoreClock
 .data.uwTickPrio
                0x20000004        0x4 ./Drivers/STM32L5xx_HAL_Driver/Src/stm32l5xx_hal.o
                0x20000004                uwTickPrio
 .data.uwTickFreq
                0x20000008        0x1 ./Drivers/STM32L5xx_HAL_Driver/Src/stm32l5xx_hal.o
                0x20000008                uwTickFreq
 *fill*         0x20000009        0x3 
 .data._impure_ptr
                0x2000000c        0x4 C:/Program Files/STMicroelectronics/STM32Cube/STM32CubeIDE_1.18.1/STM32CubeIDE/plugins/com.st.stm32cube.ide.mcu.externaltools.gnu-tools-for-stm32.13.3.rel1.win32_1.0.0.202411081344/tools/bin/../lib/gcc/arm-none-eabi/13.3.1/../../../../arm-none-eabi/lib/thumb/v8-m.main+fp/hard\libc_nano.a(libc_a-impure.o)
                0x2000000c                _impure_ptr
 .data._impure_data
                0x20000010       0x4c C:/Program Files/STMicroelectronics/STM32Cube/STM32CubeIDE_1.18.1/STM32CubeIDE/plugins/com.st.stm32cube.ide.mcu.externaltools.gnu-tools-for-stm32.13.3.rel1.win32_1.0.0.202411081344/tools/bin/../lib/gcc/arm-none-eabi/13.3.1/../../../../arm-none-eabi/lib/thumb/v8-m.main+fp/hard\libc_nano.a(libc_a-impure.o)
                0x20000010                _impure_data
 *(.RamFunc)
 *(.RamFunc*)
                0x2000005c                        . = ALIGN (0x4)
                0x2000005c                        _edata = .

.igot.plt       0x2000005c        0x0 load address 0x08008970
 .igot.plt      0x2000005c        0x0 C:/Program Files/STMicroelectronics/STM32Cube/STM32CubeIDE_1.18.1/STM32CubeIDE/plugins/com.st.stm32cube.ide.mcu.externaltools.gnu-tools-for-stm32.13.3.rel1.win32_1.0.0.202411081344/tools/bin/../lib/gcc/arm-none-eabi/13.3.1/thumb/v8-m.main+fp/hard/crtbegin.o
                0x2000005c                        . = ALIGN (0x4)

.bss            0x2000005c      0x44c load address 0x08008970
                0x2000005c                        _sbss = .
                0x2000005c                        __bss_start__ = _sbss
 *(.bss)
 .bss           0x2000005c       0x1c C:/Program Files/STMicroelectronics/STM32Cube/STM32CubeIDE_1.18.1/STM32CubeIDE/plugins/com.st.stm32cube.ide.mcu.externaltools.gnu-tools-for-stm32.13.3.rel1.win32_1.0.0.202411081344/tools/bin/../lib/gcc/arm-none-eabi/13.3.1/thumb/v8-m.main+fp/hard/crtbegin.o
 *(.bss*)
 .bss.bools     0x20000078        0x1 ./Core/Src/main.o
                0x20000078                bools
 *fill*         0x20000079        0x1 
 .bss.second_period
                0x2000007a        0x2 ./Core/Src/main.o
                0x2000007a                second_period
 .bss.hdfsdm1_filter0
                0x2000007c       0x54 ./Core/Src/main.o
                0x2000007c                hdfsdm1_filter0
 .bss.hdfsdm1_channel1
                0x200000d0       0x38 ./Core/Src/main.o
                0x200000d0                hdfsdm1_channel1
 .bss.hi2c1     0x20000108       0x54 ./Core/Src/main.o
                0x20000108                hi2c1
 .bss.hsai_BlockA1
                0x2000015c       0x98 ./Core/Src/main.o
                0x2000015c                hsai_BlockA1
 .bss.hspi1     0x200001f4       0x64 ./Core/Src/main.o
                0x200001f4                hspi1
 .bss.htim2     0x20000258       0x4c ./Core/Src/main.o
                0x20000258                htim2
 .bss.huart1    0x200002a4       0x94 ./Core/Src/main.o
                0x200002a4                huart1
 .bss.HAL_RCC_DFSDM1_CLK_ENABLED
                0x20000338        0x4 ./Core/Src/stm32l5xx_hal_msp.o
 .bss.DFSDM1_Init
                0x2000033c        0x4 ./Core/Src/stm32l5xx_hal_msp.o
 .bss.SAI1_client
                0x20000340        0x4 ./Core/Src/stm32l5xx_hal_msp.o
 .bss.__sbrk_heap_end
                0x20000344        0x4 ./Core/Src/sysmem.o
 .bss.uwTick    0x20000348        0x4 ./Drivers/STM32L5xx_HAL_Driver/Src/stm32l5xx_hal.o
                0x20000348                uwTick
 .bss.v_dfsdm1ChannelCounter
                0x2000034c        0x4 ./Drivers/STM32L5xx_HAL_Driver/Src/stm32l5xx_hal_dfsdm.o
 .bss.a_dfsdm1ChannelHandle
                0x20000350       0x10 ./Drivers/STM32L5xx_HAL_Driver/Src/stm32l5xx_hal_dfsdm.o
 .bss.__sf      0x20000360      0x138 C:/Program Files/STMicroelectronics/STM32Cube/STM32CubeIDE_1.18.1/STM32CubeIDE/plugins/com.st.stm32cube.ide.mcu.externaltools.gnu-tools-for-stm32.13.3.rel1.win32_1.0.0.202411081344/tools/bin/../lib/gcc/arm-none-eabi/13.3.1/../../../../arm-none-eabi/lib/thumb/v8-m.main+fp/hard\libc_nano.a(libc_a-findfp.o)
                0x20000360                __sf
 .bss.errno     0x20000498        0x4 C:/Program Files/STMicroelectronics/STM32Cube/STM32CubeIDE_1.18.1/STM32CubeIDE/plugins/com.st.stm32cube.ide.mcu.externaltools.gnu-tools-for-stm32.13.3.rel1.win32_1.0.0.202411081344/tools/bin/../lib/gcc/arm-none-eabi/13.3.1/../../../../arm-none-eabi/lib/thumb/v8-m.main+fp/hard\libc_nano.a(libc_a-reent.o)
                0x20000498                errno
 .bss.__lock___malloc_recursive_mutex
                0x2000049c        0x1 C:/Program Files/STMicroelectronics/STM32Cube/STM32CubeIDE_1.18.1/STM32CubeIDE/plugins/com.st.stm32cube.ide.mcu.externaltools.gnu-tools-for-stm32.13.3.rel1.win32_1.0.0.202411081344/tools/bin/../lib/gcc/arm-none-eabi/13.3.1/../../../../arm-none-eabi/lib/thumb/v8-m.main+fp/hard\libc_nano.a(libc_a-lock.o)
                0x2000049c                __lock___malloc_recursive_mutex
 *fill*         0x2000049d        0x3 
 .bss.__malloc_sbrk_start
                0x200004a0        0x4 C:/Program Files/STMicroelectronics/STM32Cube/STM32CubeIDE_1.18.1/STM32CubeIDE/plugins/com.st.stm32cube.ide.mcu.externaltools.gnu-tools-for-stm32.13.3.rel1.win32_1.0.0.202411081344/tools/bin/../lib/gcc/arm-none-eabi/13.3.1/../../../../arm-none-eabi/lib/thumb/v8-m.main+fp/hard\libc_nano.a(libc_a-mallocr.o)
                0x200004a0                __malloc_sbrk_start
 .bss.__malloc_free_list
                0x200004a4        0x4 C:/Program Files/STMicroelectronics/STM32Cube/STM32CubeIDE_1.18.1/STM32CubeIDE/plugins/com.st.stm32cube.ide.mcu.externaltools.gnu-tools-for-stm32.13.3.rel1.win32_1.0.0.202411081344/tools/bin/../lib/gcc/arm-none-eabi/13.3.1/../../../../arm-none-eabi/lib/thumb/v8-m.main+fp/hard\libc_nano.a(libc_a-mallocr.o)
                0x200004a4                __malloc_free_list
 *(COMMON)
                0x200004a8                        . = ALIGN (0x4)
                0x200004a8                        _ebss = .
                0x200004a8                        __bss_end__ = _ebss

._user_heap_stack
                0x200004a8      0x600 load address 0x08008970
                0x200004a8                        . = ALIGN (0x8)
                [!provide]                        PROVIDE (end = .)
                0x200004a8                        PROVIDE (_end = .)
                0x200006a8                        . = (. + _Min_Heap_Size)
 *fill*         0x200004a8      0x200 
                0x20000aa8                        . = (. + _Min_Stack_Size)
 *fill*         0x200006a8      0x400 
                0x20000aa8                        . = ALIGN (0x8)

/DISCARD/
 libc.a(*)
 libm.a(*)
 libgcc.a(*)

.ARM.attributes
                0x00000000       0x36
 *(.ARM.attributes)
 .ARM.attributes
                0x00000000       0x26 C:/Program Files/STMicroelectronics/STM32Cube/STM32CubeIDE_1.18.1/STM32CubeIDE/plugins/com.st.stm32cube.ide.mcu.externaltools.gnu-tools-for-stm32.13.3.rel1.win32_1.0.0.202411081344/tools/bin/../lib/gcc/arm-none-eabi/13.3.1/thumb/v8-m.main+fp/hard/crti.o
 .ARM.attributes
                0x00000026       0x38 C:/Program Files/STMicroelectronics/STM32Cube/STM32CubeIDE_1.18.1/STM32CubeIDE/plugins/com.st.stm32cube.ide.mcu.externaltools.gnu-tools-for-stm32.13.3.rel1.win32_1.0.0.202411081344/tools/bin/../lib/gcc/arm-none-eabi/13.3.1/thumb/v8-m.main+fp/hard/crtbegin.o
 .ARM.attributes
                0x0000005e       0x3a ./Core/Src/main.o
 .ARM.attributes
                0x00000098       0x3a ./Core/Src/stm32l5xx_hal_msp.o
 .ARM.attributes
                0x000000d2       0x3a ./Core/Src/stm32l5xx_it.o
 .ARM.attributes
                0x0000010c       0x3a ./Core/Src/sysmem.o
 .ARM.attributes
                0x00000146       0x3a ./Core/Src/system_stm32l5xx.o
 .ARM.attributes
                0x00000180       0x24 ./Core/Startup/startup_stm32l562qeixq.o
 .ARM.attributes
                0x000001a4       0x3a ./Drivers/STM32L5xx_HAL_Driver/Src/stm32l5xx_hal.o
 .ARM.attributes
                0x000001de       0x3a ./Drivers/STM32L5xx_HAL_Driver/Src/stm32l5xx_hal_cortex.o
 .ARM.attributes
                0x00000218       0x3a ./Drivers/STM32L5xx_HAL_Driver/Src/stm32l5xx_hal_dfsdm.o
 .ARM.attributes
                0x00000252       0x3a ./Drivers/STM32L5xx_HAL_Driver/Src/stm32l5xx_hal_dma.o
 .ARM.attributes
                0x0000028c       0x3a ./Drivers/STM32L5xx_HAL_Driver/Src/stm32l5xx_hal_gpio.o
 .ARM.attributes
                0x000002c6       0x3a ./Drivers/STM32L5xx_HAL_Driver/Src/stm32l5xx_hal_i2c.o
 .ARM.attributes
                0x00000300       0x3a ./Drivers/STM32L5xx_HAL_Driver/Src/stm32l5xx_hal_i2c_ex.o
 .ARM.attributes
                0x0000033a       0x3a ./Drivers/STM32L5xx_HAL_Driver/Src/stm32l5xx_hal_icache.o
 .ARM.attributes
                0x00000374       0x3a ./Drivers/STM32L5xx_HAL_Driver/Src/stm32l5xx_hal_pwr_ex.o
 .ARM.attributes
                0x000003ae       0x3a ./Drivers/STM32L5xx_HAL_Driver/Src/stm32l5xx_hal_rcc.o
 .ARM.attributes
                0x000003e8       0x3a ./Drivers/STM32L5xx_HAL_Driver/Src/stm32l5xx_hal_rcc_ex.o
 .ARM.attributes
                0x00000422       0x3a ./Drivers/STM32L5xx_HAL_Driver/Src/stm32l5xx_hal_sai.o
 .ARM.attributes
                0x0000045c       0x3a ./Drivers/STM32L5xx_HAL_Driver/Src/stm32l5xx_hal_spi.o
 .ARM.attributes
                0x00000496       0x3a ./Drivers/STM32L5xx_HAL_Driver/Src/stm32l5xx_hal_tim.o
 .ARM.attributes
                0x000004d0       0x3a ./Drivers/STM32L5xx_HAL_Driver/Src/stm32l5xx_hal_tim_ex.o
 .ARM.attributes
                0x0000050a       0x3a ./Drivers/STM32L5xx_HAL_Driver/Src/stm32l5xx_hal_uart.o
 .ARM.attributes
                0x00000544       0x3a ./Drivers/STM32L5xx_HAL_Driver/Src/stm32l5xx_hal_uart_ex.o
 .ARM.attributes
                0x0000057e       0x38 C:/Program Files/STMicroelectronics/STM32Cube/STM32CubeIDE_1.18.1/STM32CubeIDE/plugins/com.st.stm32cube.ide.mcu.externaltools.gnu-tools-for-stm32.13.3.rel1.win32_1.0.0.202411081344/tools/bin/../lib/gcc/arm-none-eabi/13.3.1/../../../../arm-none-eabi/lib/thumb/v8-m.main+fp/hard\libc_nano.a(libc_a-findfp.o)
 .ARM.attributes
                0x000005b6       0x38 C:/Program Files/STMicroelectronics/STM32Cube/STM32CubeIDE_1.18.1/STM32CubeIDE/plugins/com.st.stm32cube.ide.mcu.externaltools.gnu-tools-for-stm32.13.3.rel1.win32_1.0.0.202411081344/tools/bin/../lib/gcc/arm-none-eabi/13.3.1/../../../../arm-none-eabi/lib/thumb/v8-m.main+fp/hard\libc_nano.a(libc_a-sprintf.o)
 .ARM.attributes
                0x000005ee       0x38 C:/Program Files/STMicroelectronics/STM32Cube/STM32CubeIDE_1.18.1/STM32CubeIDE/plugins/com.st.stm32cube.ide.mcu.externaltools.gnu-tools-for-stm32.13.3.rel1.win32_1.0.0.202411081344/tools/bin/../lib/gcc/arm-none-eabi/13.3.1/../../../../arm-none-eabi/lib/thumb/v8-m.main+fp/hard\libc_nano.a(libc_a-memset.o)
 .ARM.attributes
                0x00000626       0x38 C:/Program Files/STMicroelectronics/STM32Cube/STM32CubeIDE_1.18.1/STM32CubeIDE/plugins/com.st.stm32cube.ide.mcu.externaltools.gnu-tools-for-stm32.13.3.rel1.win32_1.0.0.202411081344/tools/bin/../lib/gcc/arm-none-eabi/13.3.1/../../../../arm-none-eabi/lib/thumb/v8-m.main+fp/hard\libc_nano.a(libc_a-reent.o)
 .ARM.attributes
                0x0000065e       0x38 C:/Program Files/STMicroelectronics/STM32Cube/STM32CubeIDE_1.18.1/STM32CubeIDE/plugins/com.st.stm32cube.ide.mcu.externaltools.gnu-tools-for-stm32.13.3.rel1.win32_1.0.0.202411081344/tools/bin/../lib/gcc/arm-none-eabi/13.3.1/../../../../arm-none-eabi/lib/thumb/v8-m.main+fp/hard\libc_nano.a(libc_a-impure.o)
 .ARM.attributes
                0x00000696       0x38 C:/Program Files/STMicroelectronics/STM32Cube/STM32CubeIDE_1.18.1/STM32CubeIDE/plugins/com.st.stm32cube.ide.mcu.externaltools.gnu-tools-for-stm32.13.3.rel1.win32_1.0.0.202411081344/tools/bin/../lib/gcc/arm-none-eabi/13.3.1/../../../../arm-none-eabi/lib/thumb/v8-m.main+fp/hard\libc_nano.a(libc_a-errno.o)
 .ARM.attributes
                0x000006ce       0x38 C:/Program Files/STMicroelectronics/STM32Cube/STM32CubeIDE_1.18.1/STM32CubeIDE/plugins/com.st.stm32cube.ide.mcu.externaltools.gnu-tools-for-stm32.13.3.rel1.win32_1.0.0.202411081344/tools/bin/../lib/gcc/arm-none-eabi/13.3.1/../../../../arm-none-eabi/lib/thumb/v8-m.main+fp/hard\libc_nano.a(libc_a-init.o)
 .ARM.attributes
                0x00000706       0x38 C:/Program Files/STMicroelectronics/STM32Cube/STM32CubeIDE_1.18.1/STM32CubeIDE/plugins/com.st.stm32cube.ide.mcu.externaltools.gnu-tools-for-stm32.13.3.rel1.win32_1.0.0.202411081344/tools/bin/../lib/gcc/arm-none-eabi/13.3.1/../../../../arm-none-eabi/lib/thumb/v8-m.main+fp/hard\libc_nano.a(libc_a-lock.o)
 .ARM.attributes
                0x0000073e       0x24 C:/Program Files/STMicroelectronics/STM32Cube/STM32CubeIDE_1.18.1/STM32CubeIDE/plugins/com.st.stm32cube.ide.mcu.externaltools.gnu-tools-for-stm32.13.3.rel1.win32_1.0.0.202411081344/tools/bin/../lib/gcc/arm-none-eabi/13.3.1/../../../../arm-none-eabi/lib/thumb/v8-m.main+fp/hard\libc_nano.a(libc_a-strlen.o)
 .ARM.attributes
                0x00000762       0x38 C:/Program Files/STMicroelectronics/STM32Cube/STM32CubeIDE_1.18.1/STM32CubeIDE/plugins/com.st.stm32cube.ide.mcu.externaltools.gnu-tools-for-stm32.13.3.rel1.win32_1.0.0.202411081344/tools/bin/../lib/gcc/arm-none-eabi/13.3.1/../../../../arm-none-eabi/lib/thumb/v8-m.main+fp/hard\libc_nano.a(libc_a-freer.o)
 .ARM.attributes
                0x0000079a       0x38 C:/Program Files/STMicroelectronics/STM32Cube/STM32CubeIDE_1.18.1/STM32CubeIDE/plugins/com.st.stm32cube.ide.mcu.externaltools.gnu-tools-for-stm32.13.3.rel1.win32_1.0.0.202411081344/tools/bin/../lib/gcc/arm-none-eabi/13.3.1/../../../../arm-none-eabi/lib/thumb/v8-m.main+fp/hard\libc_nano.a(libc_a-mallocr.o)
 .ARM.attributes
                0x000007d2       0x38 C:/Program Files/STMicroelectronics/STM32Cube/STM32CubeIDE_1.18.1/STM32CubeIDE/plugins/com.st.stm32cube.ide.mcu.externaltools.gnu-tools-for-stm32.13.3.rel1.win32_1.0.0.202411081344/tools/bin/../lib/gcc/arm-none-eabi/13.3.1/../../../../arm-none-eabi/lib/thumb/v8-m.main+fp/hard\libc_nano.a(libc_a-mlock.o)
 .ARM.attributes
                0x0000080a       0x38 C:/Program Files/STMicroelectronics/STM32Cube/STM32CubeIDE_1.18.1/STM32CubeIDE/plugins/com.st.stm32cube.ide.mcu.externaltools.gnu-tools-for-stm32.13.3.rel1.win32_1.0.0.202411081344/tools/bin/../lib/gcc/arm-none-eabi/13.3.1/../../../../arm-none-eabi/lib/thumb/v8-m.main+fp/hard\libc_nano.a(libc_a-nano-svfprintf.o)
 .ARM.attributes
                0x00000842       0x38 C:/Program Files/STMicroelectronics/STM32Cube/STM32CubeIDE_1.18.1/STM32CubeIDE/plugins/com.st.stm32cube.ide.mcu.externaltools.gnu-tools-for-stm32.13.3.rel1.win32_1.0.0.202411081344/tools/bin/../lib/gcc/arm-none-eabi/13.3.1/../../../../arm-none-eabi/lib/thumb/v8-m.main+fp/hard\libc_nano.a(libc_a-nano-vfprintf_i.o)
 .ARM.attributes
                0x0000087a       0x38 C:/Program Files/STMicroelectronics/STM32Cube/STM32CubeIDE_1.18.1/STM32CubeIDE/plugins/com.st.stm32cube.ide.mcu.externaltools.gnu-tools-for-stm32.13.3.rel1.win32_1.0.0.202411081344/tools/bin/../lib/gcc/arm-none-eabi/13.3.1/../../../../arm-none-eabi/lib/thumb/v8-m.main+fp/hard\libc_nano.a(libc_a-memmove.o)
 .ARM.attributes
                0x000008b2       0x38 C:/Program Files/STMicroelectronics/STM32Cube/STM32CubeIDE_1.18.1/STM32CubeIDE/plugins/com.st.stm32cube.ide.mcu.externaltools.gnu-tools-for-stm32.13.3.rel1.win32_1.0.0.202411081344/tools/bin/../lib/gcc/arm-none-eabi/13.3.1/../../../../arm-none-eabi/lib/thumb/v8-m.main+fp/hard\libc_nano.a(libc_a-sbrkr.o)
 .ARM.attributes
                0x000008ea       0x38 C:/Program Files/STMicroelectronics/STM32Cube/STM32CubeIDE_1.18.1/STM32CubeIDE/plugins/com.st.stm32cube.ide.mcu.externaltools.gnu-tools-for-stm32.13.3.rel1.win32_1.0.0.202411081344/tools/bin/../lib/gcc/arm-none-eabi/13.3.1/../../../../arm-none-eabi/lib/thumb/v8-m.main+fp/hard\libc_nano.a(libc_a-memchr-stub.o)
 .ARM.attributes
                0x00000922       0x38 C:/Program Files/STMicroelectronics/STM32Cube/STM32CubeIDE_1.18.1/STM32CubeIDE/plugins/com.st.stm32cube.ide.mcu.externaltools.gnu-tools-for-stm32.13.3.rel1.win32_1.0.0.202411081344/tools/bin/../lib/gcc/arm-none-eabi/13.3.1/../../../../arm-none-eabi/lib/thumb/v8-m.main+fp/hard\libc_nano.a(libc_a-memcpy-stub.o)
 .ARM.attributes
                0x0000095a       0x38 C:/Program Files/STMicroelectronics/STM32Cube/STM32CubeIDE_1.18.1/STM32CubeIDE/plugins/com.st.stm32cube.ide.mcu.externaltools.gnu-tools-for-stm32.13.3.rel1.win32_1.0.0.202411081344/tools/bin/../lib/gcc/arm-none-eabi/13.3.1/../../../../arm-none-eabi/lib/thumb/v8-m.main+fp/hard\libc_nano.a(libc_a-reallocr.o)
 .ARM.attributes
                0x00000992       0x38 C:/Program Files/STMicroelectronics/STM32Cube/STM32CubeIDE_1.18.1/STM32CubeIDE/plugins/com.st.stm32cube.ide.mcu.externaltools.gnu-tools-for-stm32.13.3.rel1.win32_1.0.0.202411081344/tools/bin/../lib/gcc/arm-none-eabi/13.3.1/../../../../arm-none-eabi/lib/thumb/v8-m.main+fp/hard\libc_nano.a(libc_a-msizer.o)
 .ARM.attributes
                0x000009ca       0x26 C:/Program Files/STMicroelectronics/STM32Cube/STM32CubeIDE_1.18.1/STM32CubeIDE/plugins/com.st.stm32cube.ide.mcu.externaltools.gnu-tools-for-stm32.13.3.rel1.win32_1.0.0.202411081344/tools/bin/../lib/gcc/arm-none-eabi/13.3.1/thumb/v8-m.main+fp/hard\libgcc.a(_aeabi_uldivmod.o)
 .ARM.attributes
                0x000009f0       0x38 C:/Program Files/STMicroelectronics/STM32Cube/STM32CubeIDE_1.18.1/STM32CubeIDE/plugins/com.st.stm32cube.ide.mcu.externaltools.gnu-tools-for-stm32.13.3.rel1.win32_1.0.0.202411081344/tools/bin/../lib/gcc/arm-none-eabi/13.3.1/thumb/v8-m.main+fp/hard\libgcc.a(_udivmoddi4.o)
 .ARM.attributes
                0x00000a28       0x26 C:/Program Files/STMicroelectronics/STM32Cube/STM32CubeIDE_1.18.1/STM32CubeIDE/plugins/com.st.stm32cube.ide.mcu.externaltools.gnu-tools-for-stm32.13.3.rel1.win32_1.0.0.202411081344/tools/bin/../lib/gcc/arm-none-eabi/13.3.1/thumb/v8-m.main+fp/hard\libgcc.a(_dvmd_tls.o)
 .ARM.attributes
                0x00000a4e       0x26 C:/Program Files/STMicroelectronics/STM32Cube/STM32CubeIDE_1.18.1/STM32CubeIDE/plugins/com.st.stm32cube.ide.mcu.externaltools.gnu-tools-for-stm32.13.3.rel1.win32_1.0.0.202411081344/tools/bin/../lib/gcc/arm-none-eabi/13.3.1/thumb/v8-m.main+fp/hard/crtn.o
OUTPUT(Dia 4.elf elf32-littlearm)
LOAD linker stubs
LOAD C:/Program Files/STMicroelectronics/STM32Cube/STM32CubeIDE_1.18.1/STM32CubeIDE/plugins/com.st.stm32cube.ide.mcu.externaltools.gnu-tools-for-stm32.13.3.rel1.win32_1.0.0.202411081344/tools/bin/../lib/gcc/arm-none-eabi/13.3.1/../../../../arm-none-eabi/lib/thumb/v8-m.main+fp/hard\libc.a
LOAD C:/Program Files/STMicroelectronics/STM32Cube/STM32CubeIDE_1.18.1/STM32CubeIDE/plugins/com.st.stm32cube.ide.mcu.externaltools.gnu-tools-for-stm32.13.3.rel1.win32_1.0.0.202411081344/tools/bin/../lib/gcc/arm-none-eabi/13.3.1/../../../../arm-none-eabi/lib/thumb/v8-m.main+fp/hard\libm.a
LOAD C:/Program Files/STMicroelectronics/STM32Cube/STM32CubeIDE_1.18.1/STM32CubeIDE/plugins/com.st.stm32cube.ide.mcu.externaltools.gnu-tools-for-stm32.13.3.rel1.win32_1.0.0.202411081344/tools/bin/../lib/gcc/arm-none-eabi/13.3.1/thumb/v8-m.main+fp/hard\libgcc.a

.debug_info     0x00000000    0x1dcb3
 .debug_info    0x00000000     0x2a3d ./Core/Src/main.o
 .debug_info    0x00002a3d     0x2825 ./Core/Src/stm32l5xx_hal_msp.o
 .debug_info    0x00005262      0xf03 ./Core/Src/stm32l5xx_it.o
 .debug_info    0x00006165      0x168 ./Core/Src/sysmem.o
 .debug_info    0x000062cd      0x7e2 ./Core/Src/system_stm32l5xx.o
 .debug_info    0x00006aaf       0x30 ./Core/Startup/startup_stm32l562qeixq.o
 .debug_info    0x00006adf      0xd05 ./Drivers/STM32L5xx_HAL_Driver/Src/stm32l5xx_hal.o
 .debug_info    0x000077e4     0x1118 ./Drivers/STM32L5xx_HAL_Driver/Src/stm32l5xx_hal_cortex.o
 .debug_info    0x000088fc     0x1b8c ./Drivers/STM32L5xx_HAL_Driver/Src/stm32l5xx_hal_dfsdm.o
 .debug_info    0x0000a488      0x920 ./Drivers/STM32L5xx_HAL_Driver/Src/stm32l5xx_hal_dma.o
 .debug_info    0x0000ada8      0x5d4 ./Drivers/STM32L5xx_HAL_Driver/Src/stm32l5xx_hal_gpio.o
 .debug_info    0x0000b37c     0x220a ./Drivers/STM32L5xx_HAL_Driver/Src/stm32l5xx_hal_i2c.o
 .debug_info    0x0000d586      0xbd4 ./Drivers/STM32L5xx_HAL_Driver/Src/stm32l5xx_hal_i2c_ex.o
 .debug_info    0x0000e15a      0x4c1 ./Drivers/STM32L5xx_HAL_Driver/Src/stm32l5xx_hal_icache.o
 .debug_info    0x0000e61b      0xd73 ./Drivers/STM32L5xx_HAL_Driver/Src/stm32l5xx_hal_pwr_ex.o
 .debug_info    0x0000f38e      0xf75 ./Drivers/STM32L5xx_HAL_Driver/Src/stm32l5xx_hal_rcc.o
 .debug_info    0x00010303     0x1134 ./Drivers/STM32L5xx_HAL_Driver/Src/stm32l5xx_hal_rcc_ex.o
 .debug_info    0x00011437     0x13a6 ./Drivers/STM32L5xx_HAL_Driver/Src/stm32l5xx_hal_sai.o
 .debug_info    0x000127dd     0x174e ./Drivers/STM32L5xx_HAL_Driver/Src/stm32l5xx_hal_spi.o
 .debug_info    0x00013f2b     0x2bdb ./Drivers/STM32L5xx_HAL_Driver/Src/stm32l5xx_hal_tim.o
 .debug_info    0x00016b06     0x18b5 ./Drivers/STM32L5xx_HAL_Driver/Src/stm32l5xx_hal_tim_ex.o
 .debug_info    0x000183bb     0x48fb ./Drivers/STM32L5xx_HAL_Driver/Src/stm32l5xx_hal_uart.o
 .debug_info    0x0001ccb6      0xffd ./Drivers/STM32L5xx_HAL_Driver/Src/stm32l5xx_hal_uart_ex.o

.debug_abbrev   0x00000000     0x348e
 .debug_abbrev  0x00000000      0x36b ./Core/Src/main.o
 .debug_abbrev  0x0000036b      0x28f ./Core/Src/stm32l5xx_hal_msp.o
 .debug_abbrev  0x000005fa      0x1ab ./Core/Src/stm32l5xx_it.o
 .debug_abbrev  0x000007a5       0xbc ./Core/Src/sysmem.o
 .debug_abbrev  0x00000861      0x12b ./Core/Src/system_stm32l5xx.o
 .debug_abbrev  0x0000098c       0x24 ./Core/Startup/startup_stm32l562qeixq.o
 .debug_abbrev  0x000009b0      0x2cd ./Drivers/STM32L5xx_HAL_Driver/Src/stm32l5xx_hal.o
 .debug_abbrev  0x00000c7d      0x32c ./Drivers/STM32L5xx_HAL_Driver/Src/stm32l5xx_hal_cortex.o
 .debug_abbrev  0x00000fa9      0x27d ./Drivers/STM32L5xx_HAL_Driver/Src/stm32l5xx_hal_dfsdm.o
 .debug_abbrev  0x00001226      0x1f4 ./Drivers/STM32L5xx_HAL_Driver/Src/stm32l5xx_hal_dma.o
 .debug_abbrev  0x0000141a      0x1c2 ./Drivers/STM32L5xx_HAL_Driver/Src/stm32l5xx_hal_gpio.o
 .debug_abbrev  0x000015dc      0x25f ./Drivers/STM32L5xx_HAL_Driver/Src/stm32l5xx_hal_i2c.o
 .debug_abbrev  0x0000183b      0x1e1 ./Drivers/STM32L5xx_HAL_Driver/Src/stm32l5xx_hal_i2c_ex.o
 .debug_abbrev  0x00001a1c      0x228 ./Drivers/STM32L5xx_HAL_Driver/Src/stm32l5xx_hal_icache.o
 .debug_abbrev  0x00001c44      0x28c ./Drivers/STM32L5xx_HAL_Driver/Src/stm32l5xx_hal_pwr_ex.o
 .debug_abbrev  0x00001ed0      0x2fd ./Drivers/STM32L5xx_HAL_Driver/Src/stm32l5xx_hal_rcc.o
 .debug_abbrev  0x000021cd      0x2c8 ./Drivers/STM32L5xx_HAL_Driver/Src/stm32l5xx_hal_rcc_ex.o
 .debug_abbrev  0x00002495      0x28b ./Drivers/STM32L5xx_HAL_Driver/Src/stm32l5xx_hal_sai.o
 .debug_abbrev  0x00002720      0x268 ./Drivers/STM32L5xx_HAL_Driver/Src/stm32l5xx_hal_spi.o
 .debug_abbrev  0x00002988      0x277 ./Drivers/STM32L5xx_HAL_Driver/Src/stm32l5xx_hal_tim.o
 .debug_abbrev  0x00002bff      0x297 ./Drivers/STM32L5xx_HAL_Driver/Src/stm32l5xx_hal_tim_ex.o
 .debug_abbrev  0x00002e96      0x325 ./Drivers/STM32L5xx_HAL_Driver/Src/stm32l5xx_hal_uart.o
 .debug_abbrev  0x000031bb      0x2d3 ./Drivers/STM32L5xx_HAL_Driver/Src/stm32l5xx_hal_uart_ex.o

.debug_aranges  0x00000000     0x1a70
 .debug_aranges
                0x00000000       0x80 ./Core/Src/main.o
 .debug_aranges
                0x00000080       0x90 ./Core/Src/stm32l5xx_hal_msp.o
 .debug_aranges
                0x00000110       0x80 ./Core/Src/stm32l5xx_it.o
 .debug_aranges
                0x00000190       0x20 ./Core/Src/sysmem.o
 .debug_aranges
                0x000001b0       0x28 ./Core/Src/system_stm32l5xx.o
 .debug_aranges
                0x000001d8       0x28 ./Core/Startup/startup_stm32l562qeixq.o
 .debug_aranges
                0x00000200      0x130 ./Drivers/STM32L5xx_HAL_Driver/Src/stm32l5xx_hal.o
 .debug_aranges
                0x00000330      0x140 ./Drivers/STM32L5xx_HAL_Driver/Src/stm32l5xx_hal_cortex.o
 .debug_aranges
                0x00000470      0x248 ./Drivers/STM32L5xx_HAL_Driver/Src/stm32l5xx_hal_dfsdm.o
 .debug_aranges
                0x000006b8       0xa0 ./Drivers/STM32L5xx_HAL_Driver/Src/stm32l5xx_hal_dma.o
 .debug_aranges
                0x00000758       0x60 ./Drivers/STM32L5xx_HAL_Driver/Src/stm32l5xx_hal_gpio.o
 .debug_aranges
                0x000007b8      0x2a0 ./Drivers/STM32L5xx_HAL_Driver/Src/stm32l5xx_hal_i2c.o
 .debug_aranges
                0x00000a58       0x48 ./Drivers/STM32L5xx_HAL_Driver/Src/stm32l5xx_hal_i2c_ex.o
 .debug_aranges
                0x00000aa0       0xa8 ./Drivers/STM32L5xx_HAL_Driver/Src/stm32l5xx_hal_icache.o
 .debug_aranges
                0x00000b48      0x1b8 ./Drivers/STM32L5xx_HAL_Driver/Src/stm32l5xx_hal_pwr_ex.o
 .debug_aranges
                0x00000d00       0xa8 ./Drivers/STM32L5xx_HAL_Driver/Src/stm32l5xx_hal_rcc.o
 .debug_aranges
                0x00000da8      0x118 ./Drivers/STM32L5xx_HAL_Driver/Src/stm32l5xx_hal_rcc_ex.o
 .debug_aranges
                0x00000ec0      0x178 ./Drivers/STM32L5xx_HAL_Driver/Src/stm32l5xx_hal_sai.o
 .debug_aranges
                0x00001038      0x1d8 ./Drivers/STM32L5xx_HAL_Driver/Src/stm32l5xx_hal_spi.o
 .debug_aranges
                0x00001210      0x3e0 ./Drivers/STM32L5xx_HAL_Driver/Src/stm32l5xx_hal_tim.o
 .debug_aranges
                0x000015f0      0x190 ./Drivers/STM32L5xx_HAL_Driver/Src/stm32l5xx_hal_tim_ex.o
 .debug_aranges
                0x00001780      0x248 ./Drivers/STM32L5xx_HAL_Driver/Src/stm32l5xx_hal_uart.o
 .debug_aranges
                0x000019c8       0xa8 ./Drivers/STM32L5xx_HAL_Driver/Src/stm32l5xx_hal_uart_ex.o

.debug_rnglists
                0x00000000     0x14db
 .debug_rnglists
                0x00000000       0x63 ./Core/Src/main.o
 .debug_rnglists
                0x00000063       0x6d ./Core/Src/stm32l5xx_hal_msp.o
 .debug_rnglists
                0x000000d0       0x5b ./Core/Src/stm32l5xx_it.o
 .debug_rnglists
                0x0000012b       0x13 ./Core/Src/sysmem.o
 .debug_rnglists
                0x0000013e       0x1a ./Core/Src/system_stm32l5xx.o
 .debug_rnglists
                0x00000158       0x19 ./Core/Startup/startup_stm32l562qeixq.o
 .debug_rnglists
                0x00000171       0xdf ./Drivers/STM32L5xx_HAL_Driver/Src/stm32l5xx_hal.o
 .debug_rnglists
                0x00000250       0xeb ./Drivers/STM32L5xx_HAL_Driver/Src/stm32l5xx_hal_cortex.o
 .debug_rnglists
                0x0000033b      0x1c6 ./Drivers/STM32L5xx_HAL_Driver/Src/stm32l5xx_hal_dfsdm.o
 .debug_rnglists
                0x00000501       0x7d ./Drivers/STM32L5xx_HAL_Driver/Src/stm32l5xx_hal_dma.o
 .debug_rnglists
                0x0000057e       0x45 ./Drivers/STM32L5xx_HAL_Driver/Src/stm32l5xx_hal_gpio.o
 .debug_rnglists
                0x000005c3      0x228 ./Drivers/STM32L5xx_HAL_Driver/Src/stm32l5xx_hal_i2c.o
 .debug_rnglists
                0x000007eb       0x35 ./Drivers/STM32L5xx_HAL_Driver/Src/stm32l5xx_hal_i2c_ex.o
 .debug_rnglists
                0x00000820       0x7a ./Drivers/STM32L5xx_HAL_Driver/Src/stm32l5xx_hal_icache.o
 .debug_rnglists
                0x0000089a      0x14e ./Drivers/STM32L5xx_HAL_Driver/Src/stm32l5xx_hal_pwr_ex.o
 .debug_rnglists
                0x000009e8       0x80 ./Drivers/STM32L5xx_HAL_Driver/Src/stm32l5xx_hal_rcc.o
 .debug_rnglists
                0x00000a68       0xdd ./Drivers/STM32L5xx_HAL_Driver/Src/stm32l5xx_hal_rcc_ex.o
 .debug_rnglists
                0x00000b45      0x136 ./Drivers/STM32L5xx_HAL_Driver/Src/stm32l5xx_hal_sai.o
 .debug_rnglists
                0x00000c7b      0x178 ./Drivers/STM32L5xx_HAL_Driver/Src/stm32l5xx_hal_spi.o
 .debug_rnglists
                0x00000df3      0x328 ./Drivers/STM32L5xx_HAL_Driver/Src/stm32l5xx_hal_tim.o
 .debug_rnglists
                0x0000111b      0x147 ./Drivers/STM32L5xx_HAL_Driver/Src/stm32l5xx_hal_tim_ex.o
 .debug_rnglists
                0x00001262      0x1fa ./Drivers/STM32L5xx_HAL_Driver/Src/stm32l5xx_hal_uart.o
 .debug_rnglists
                0x0000145c       0x7f ./Drivers/STM32L5xx_HAL_Driver/Src/stm32l5xx_hal_uart_ex.o

.debug_macro    0x00000000    0x2bde7
 .debug_macro   0x00000000      0x34e ./Core/Src/main.o
 .debug_macro   0x0000034e      0xade ./Core/Src/main.o
 .debug_macro   0x00000e2c      0x1a8 ./Core/Src/main.o
 .debug_macro   0x00000fd4       0x2e ./Core/Src/main.o
 .debug_macro   0x00001002       0x42 ./Core/Src/main.o
 .debug_macro   0x00001044       0x22 ./Core/Src/main.o
 .debug_macro   0x00001066       0x8e ./Core/Src/main.o
 .debug_macro   0x000010f4       0x51 ./Core/Src/main.o
 .debug_macro   0x00001145      0x103 ./Core/Src/main.o
 .debug_macro   0x00001248       0x6a ./Core/Src/main.o
 .debug_macro   0x000012b2      0x1df ./Core/Src/main.o
 .debug_macro   0x00001491       0x1c ./Core/Src/main.o
 .debug_macro   0x000014ad       0x29 ./Core/Src/main.o
 .debug_macro   0x000014d6       0xfb ./Core/Src/main.o
 .debug_macro   0x000015d1     0x1336 ./Core/Src/main.o
 .debug_macro   0x00002907       0x5e ./Core/Src/main.o
 .debug_macro   0x00002965    0x1bca6 ./Core/Src/main.o
 .debug_macro   0x0001e60b       0x6c ./Core/Src/main.o
 .debug_macro   0x0001e677     0x353c ./Core/Src/main.o
 .debug_macro   0x00021bb3      0x190 ./Core/Src/main.o
 .debug_macro   0x00021d43       0x5d ./Core/Src/main.o
 .debug_macro   0x00021da0     0x19cd ./Core/Src/main.o
 .debug_macro   0x0002376d      0xa52 ./Core/Src/main.o
 .debug_macro   0x000241bf      0x1cf ./Core/Src/main.o
 .debug_macro   0x0002438e      0x1d8 ./Core/Src/main.o
 .debug_macro   0x00024566      0x4e1 ./Core/Src/main.o
 .debug_macro   0x00024a47      0x1ab ./Core/Src/main.o
 .debug_macro   0x00024bf2       0x4a ./Core/Src/main.o
 .debug_macro   0x00024c3c      0x1df ./Core/Src/main.o
 .debug_macro   0x00024e1b       0x10 ./Core/Src/main.o
 .debug_macro   0x00024e2b       0xb3 ./Core/Src/main.o
 .debug_macro   0x00024ede      0x1b9 ./Core/Src/main.o
 .debug_macro   0x00025097      0x230 ./Core/Src/main.o
 .debug_macro   0x000252c7      0x3bb ./Core/Src/main.o
 .debug_macro   0x00025682       0x36 ./Core/Src/main.o
 .debug_macro   0x000256b8      0x11c ./Core/Src/main.o
 .debug_macro   0x000257d4      0x22c ./Core/Src/main.o
 .debug_macro   0x00025a00       0x5b ./Core/Src/main.o
 .debug_macro   0x00025a5b       0xa5 ./Core/Src/main.o
 .debug_macro   0x00025b00       0xc9 ./Core/Src/main.o
 .debug_macro   0x00025bc9      0x199 ./Core/Src/main.o
 .debug_macro   0x00025d62      0x487 ./Core/Src/main.o
 .debug_macro   0x000261e9      0x3ad ./Core/Src/main.o
 .debug_macro   0x00026596       0x10 ./Core/Src/main.o
 .debug_macro   0x000265a6       0xe4 ./Core/Src/main.o
 .debug_macro   0x0002668a      0x2fe ./Core/Src/main.o
 .debug_macro   0x00026988      0xabb ./Core/Src/main.o
 .debug_macro   0x00027443      0x184 ./Core/Src/main.o
 .debug_macro   0x000275c7      0x693 ./Core/Src/main.o
 .debug_macro   0x00027c5a       0xa6 ./Core/Src/main.o
 .debug_macro   0x00027d00      0x3f1 ./Core/Src/main.o
 .debug_macro   0x000280f1      0x112 ./Core/Src/main.o
 .debug_macro   0x00028203       0x61 ./Core/Src/main.o
 .debug_macro   0x00028264       0x2a ./Core/Src/main.o
 .debug_macro   0x0002828e       0x43 ./Core/Src/main.o
 .debug_macro   0x000282d1       0x34 ./Core/Src/main.o
 .debug_macro   0x00028305       0x16 ./Core/Src/main.o
 .debug_macro   0x0002831b       0x3c ./Core/Src/main.o
 .debug_macro   0x00028357      0x370 ./Core/Src/main.o
 .debug_macro   0x000286c7       0x10 ./Core/Src/main.o
 .debug_macro   0x000286d7       0x16 ./Core/Src/main.o
 .debug_macro   0x000286ed       0x4a ./Core/Src/main.o
 .debug_macro   0x00028737       0x34 ./Core/Src/main.o
 .debug_macro   0x0002876b       0x10 ./Core/Src/main.o
 .debug_macro   0x0002877b       0x58 ./Core/Src/main.o
 .debug_macro   0x000287d3       0x8e ./Core/Src/main.o
 .debug_macro   0x00028861       0x1c ./Core/Src/main.o
 .debug_macro   0x0002887d      0x185 ./Core/Src/main.o
 .debug_macro   0x00028a02       0x16 ./Core/Src/main.o
 .debug_macro   0x00028a18       0x16 ./Core/Src/main.o
 .debug_macro   0x00028a2e      0x146 ./Core/Src/main.o
 .debug_macro   0x00028b74       0x16 ./Core/Src/main.o
 .debug_macro   0x00028b8a       0x20 ./Core/Src/main.o
 .debug_macro   0x00028baa      0x246 ./Core/Src/stm32l5xx_hal_msp.o
 .debug_macro   0x00028df0      0x250 ./Core/Src/stm32l5xx_it.o
 .debug_macro   0x00029040      0x112 ./Core/Src/sysmem.o
 .debug_macro   0x00029152      0x23c ./Core/Src/sysmem.o
 .debug_macro   0x0002938e      0x237 ./Core/Src/system_stm32l5xx.o
 .debug_macro   0x000295c5      0x267 ./Drivers/STM32L5xx_HAL_Driver/Src/stm32l5xx_hal.o
 .debug_macro   0x0002982c      0x237 ./Drivers/STM32L5xx_HAL_Driver/Src/stm32l5xx_hal_cortex.o
 .debug_macro   0x00029a63      0x25b ./Drivers/STM32L5xx_HAL_Driver/Src/stm32l5xx_hal_dfsdm.o
 .debug_macro   0x00029cbe      0x237 ./Drivers/STM32L5xx_HAL_Driver/Src/stm32l5xx_hal_dma.o
 .debug_macro   0x00029ef5      0x23d ./Drivers/STM32L5xx_HAL_Driver/Src/stm32l5xx_hal_gpio.o
 .debug_macro   0x0002a132      0x303 ./Drivers/STM32L5xx_HAL_Driver/Src/stm32l5xx_hal_i2c.o
 .debug_macro   0x0002a435      0x237 ./Drivers/STM32L5xx_HAL_Driver/Src/stm32l5xx_hal_i2c_ex.o
 .debug_macro   0x0002a66c      0x269 ./Drivers/STM32L5xx_HAL_Driver/Src/stm32l5xx_hal_icache.o
 .debug_macro   0x0002a8d5      0x267 ./Drivers/STM32L5xx_HAL_Driver/Src/stm32l5xx_hal_pwr_ex.o
 .debug_macro   0x0002ab3c      0x261 ./Drivers/STM32L5xx_HAL_Driver/Src/stm32l5xx_hal_rcc.o
 .debug_macro   0x0002ad9d      0x29d ./Drivers/STM32L5xx_HAL_Driver/Src/stm32l5xx_hal_rcc_ex.o
 .debug_macro   0x0002b03a      0x254 ./Drivers/STM32L5xx_HAL_Driver/Src/stm32l5xx_hal_sai.o
 .debug_macro   0x0002b28e      0x23f ./Drivers/STM32L5xx_HAL_Driver/Src/stm32l5xx_hal_spi.o
 .debug_macro   0x0002b4cd      0x238 ./Drivers/STM32L5xx_HAL_Driver/Src/stm32l5xx_hal_tim.o
 .debug_macro   0x0002b705      0x23d ./Drivers/STM32L5xx_HAL_Driver/Src/stm32l5xx_hal_tim_ex.o
 .debug_macro   0x0002b942      0x262 ./Drivers/STM32L5xx_HAL_Driver/Src/stm32l5xx_hal_uart.o
 .debug_macro   0x0002bba4      0x243 ./Drivers/STM32L5xx_HAL_Driver/Src/stm32l5xx_hal_uart_ex.o

.debug_line     0x00000000    0x1f928
 .debug_line    0x00000000      0xf1b ./Core/Src/main.o
 .debug_line    0x00000f1b      0xb5c ./Core/Src/stm32l5xx_hal_msp.o
 .debug_line    0x00001a77      0x963 ./Core/Src/stm32l5xx_it.o
 .debug_line    0x000023da      0x5c0 ./Core/Src/sysmem.o
 .debug_line    0x0000299a      0x8f2 ./Core/Src/system_stm32l5xx.o
 .debug_line    0x0000328c       0x79 ./Core/Startup/startup_stm32l562qeixq.o
 .debug_line    0x00003305      0xc75 ./Drivers/STM32L5xx_HAL_Driver/Src/stm32l5xx_hal.o
 .debug_line    0x00003f7a      0xe93 ./Drivers/STM32L5xx_HAL_Driver/Src/stm32l5xx_hal_cortex.o
 .debug_line    0x00004e0d     0x1f6b ./Drivers/STM32L5xx_HAL_Driver/Src/stm32l5xx_hal_dfsdm.o
 .debug_line    0x00006d78     0x10d5 ./Drivers/STM32L5xx_HAL_Driver/Src/stm32l5xx_hal_dma.o
 .debug_line    0x00007e4d      0xc9a ./Drivers/STM32L5xx_HAL_Driver/Src/stm32l5xx_hal_gpio.o
 .debug_line    0x00008ae7     0x3821 ./Drivers/STM32L5xx_HAL_Driver/Src/stm32l5xx_hal_i2c.o
 .debug_line    0x0000c308      0x9ba ./Drivers/STM32L5xx_HAL_Driver/Src/stm32l5xx_hal_i2c_ex.o
 .debug_line    0x0000ccc2      0xb4a ./Drivers/STM32L5xx_HAL_Driver/Src/stm32l5xx_hal_icache.o
 .debug_line    0x0000d80c     0x101c ./Drivers/STM32L5xx_HAL_Driver/Src/stm32l5xx_hal_pwr_ex.o
 .debug_line    0x0000e828     0x1498 ./Drivers/STM32L5xx_HAL_Driver/Src/stm32l5xx_hal_rcc.o
 .debug_line    0x0000fcc0     0x1d37 ./Drivers/STM32L5xx_HAL_Driver/Src/stm32l5xx_hal_rcc_ex.o
 .debug_line    0x000119f7     0x1c4d ./Drivers/STM32L5xx_HAL_Driver/Src/stm32l5xx_hal_sai.o
 .debug_line    0x00013644     0x219a ./Drivers/STM32L5xx_HAL_Driver/Src/stm32l5xx_hal_spi.o
 .debug_line    0x000157de     0x3f43 ./Drivers/STM32L5xx_HAL_Driver/Src/stm32l5xx_hal_tim.o
 .debug_line    0x00019721     0x1d8d ./Drivers/STM32L5xx_HAL_Driver/Src/stm32l5xx_hal_tim_ex.o
 .debug_line    0x0001b4ae     0x36b8 ./Drivers/STM32L5xx_HAL_Driver/Src/stm32l5xx_hal_uart.o
 .debug_line    0x0001eb66      0xdc2 ./Drivers/STM32L5xx_HAL_Driver/Src/stm32l5xx_hal_uart_ex.o

.debug_str      0x00000000   0x118166
 .debug_str     0x00000000   0x118166 ./Core/Src/main.o
                             0x111291 (size before relaxing)
 .debug_str     0x00118166   0x10d8ed ./Core/Src/stm32l5xx_hal_msp.o
 .debug_str     0x00118166   0x10c259 ./Core/Src/stm32l5xx_it.o
 .debug_str     0x00118166     0x7793 ./Core/Src/sysmem.o
 .debug_str     0x00118166   0x10b563 ./Core/Src/system_stm32l5xx.o
 .debug_str     0x00118166       0x74 ./Core/Startup/startup_stm32l562qeixq.o
 .debug_str     0x00118166   0x10c0f9 ./Drivers/STM32L5xx_HAL_Driver/Src/stm32l5xx_hal.o
 .debug_str     0x00118166   0x10bf38 ./Drivers/STM32L5xx_HAL_Driver/Src/stm32l5xx_hal_cortex.o
 .debug_str     0x00118166   0x10c494 ./Drivers/STM32L5xx_HAL_Driver/Src/stm32l5xx_hal_dfsdm.o
 .debug_str     0x00118166   0x10b8d5 ./Drivers/STM32L5xx_HAL_Driver/Src/stm32l5xx_hal_dma.o
 .debug_str     0x00118166   0x10b4ec ./Drivers/STM32L5xx_HAL_Driver/Src/stm32l5xx_hal_gpio.o
 .debug_str     0x00118166   0x10c782 ./Drivers/STM32L5xx_HAL_Driver/Src/stm32l5xx_hal_i2c.o
 .debug_str     0x00118166   0x10bb26 ./Drivers/STM32L5xx_HAL_Driver/Src/stm32l5xx_hal_i2c_ex.o
 .debug_str     0x00118166   0x10b93f ./Drivers/STM32L5xx_HAL_Driver/Src/stm32l5xx_hal_icache.o
 .debug_str     0x00118166   0x10bcc8 ./Drivers/STM32L5xx_HAL_Driver/Src/stm32l5xx_hal_pwr_ex.o
 .debug_str     0x00118166   0x10bb7d ./Drivers/STM32L5xx_HAL_Driver/Src/stm32l5xx_hal_rcc.o
 .debug_str     0x00118166   0x10c0d3 ./Drivers/STM32L5xx_HAL_Driver/Src/stm32l5xx_hal_rcc_ex.o
 .debug_str     0x00118166   0x10bdc1 ./Drivers/STM32L5xx_HAL_Driver/Src/stm32l5xx_hal_sai.o
 .debug_str     0x00118166   0x10bda2 ./Drivers/STM32L5xx_HAL_Driver/Src/stm32l5xx_hal_spi.o
 .debug_str     0x00118166   0x10c8c1 ./Drivers/STM32L5xx_HAL_Driver/Src/stm32l5xx_hal_tim.o
 .debug_str     0x00118166   0x10c25a ./Drivers/STM32L5xx_HAL_Driver/Src/stm32l5xx_hal_tim_ex.o
 .debug_str     0x00118166   0x10c4a3 ./Drivers/STM32L5xx_HAL_Driver/Src/stm32l5xx_hal_uart.o
 .debug_str     0x00118166   0x10bc31 ./Drivers/STM32L5xx_HAL_Driver/Src/stm32l5xx_hal_uart_ex.o

.comment        0x00000000       0x43
 .comment       0x00000000       0x43 ./Core/Src/main.o
                                 0x44 (size before relaxing)
 .comment       0x00000043       0x44 ./Core/Src/stm32l5xx_hal_msp.o
 .comment       0x00000043       0x44 ./Core/Src/stm32l5xx_it.o
 .comment       0x00000043       0x44 ./Core/Src/sysmem.o
 .comment       0x00000043       0x44 ./Core/Src/system_stm32l5xx.o
 .comment       0x00000043       0x44 ./Drivers/STM32L5xx_HAL_Driver/Src/stm32l5xx_hal.o
 .comment       0x00000043       0x44 ./Drivers/STM32L5xx_HAL_Driver/Src/stm32l5xx_hal_cortex.o
 .comment       0x00000043       0x44 ./Drivers/STM32L5xx_HAL_Driver/Src/stm32l5xx_hal_dfsdm.o
 .comment       0x00000043       0x44 ./Drivers/STM32L5xx_HAL_Driver/Src/stm32l5xx_hal_dma.o
 .comment       0x00000043       0x44 ./Drivers/STM32L5xx_HAL_Driver/Src/stm32l5xx_hal_gpio.o
 .comment       0x00000043       0x44 ./Drivers/STM32L5xx_HAL_Driver/Src/stm32l5xx_hal_i2c.o
 .comment       0x00000043       0x44 ./Drivers/STM32L5xx_HAL_Driver/Src/stm32l5xx_hal_i2c_ex.o
 .comment       0x00000043       0x44 ./Drivers/STM32L5xx_HAL_Driver/Src/stm32l5xx_hal_icache.o